Archive member included to satisfy reference by file (symbol)

c:/st/stm32cubeide_1.10.1/stm32cubeide/plugins/com.st.stm32cube.ide.mcu.externaltools.gnu-tools-for-stm32.10.3-2021.10.win32_1.0.0.202111181127/tools/bin/../lib/gcc/arm-none-eabi/10.3.1/../../../../arm-none-eabi/lib/thumb/v7e-m+fp/hard\libc_nano.a(lib_a-errno.o)
                              ./Core/Src/syscalls.o (__errno)
c:/st/stm32cubeide_1.10.1/stm32cubeide/plugins/com.st.stm32cube.ide.mcu.externaltools.gnu-tools-for-stm32.10.3-2021.10.win32_1.0.0.202111181127/tools/bin/../lib/gcc/arm-none-eabi/10.3.1/../../../../arm-none-eabi/lib/thumb/v7e-m+fp/hard\libc_nano.a(lib_a-exit.o)
                              c:/st/stm32cubeide_1.10.1/stm32cubeide/plugins/com.st.stm32cube.ide.mcu.externaltools.gnu-tools-for-stm32.10.3-2021.10.win32_1.0.0.202111181127/tools/bin/../lib/gcc/arm-none-eabi/10.3.1/../../../../arm-none-eabi/lib/thumb/v7e-m+fp/hard/crt0.o (exit)
c:/st/stm32cubeide_1.10.1/stm32cubeide/plugins/com.st.stm32cube.ide.mcu.externaltools.gnu-tools-for-stm32.10.3-2021.10.win32_1.0.0.202111181127/tools/bin/../lib/gcc/arm-none-eabi/10.3.1/../../../../arm-none-eabi/lib/thumb/v7e-m+fp/hard\libc_nano.a(lib_a-impure.o)
                              c:/st/stm32cubeide_1.10.1/stm32cubeide/plugins/com.st.stm32cube.ide.mcu.externaltools.gnu-tools-for-stm32.10.3-2021.10.win32_1.0.0.202111181127/tools/bin/../lib/gcc/arm-none-eabi/10.3.1/../../../../arm-none-eabi/lib/thumb/v7e-m+fp/hard\libc_nano.a(lib_a-exit.o) (_global_impure_ptr)
c:/st/stm32cubeide_1.10.1/stm32cubeide/plugins/com.st.stm32cube.ide.mcu.externaltools.gnu-tools-for-stm32.10.3-2021.10.win32_1.0.0.202111181127/tools/bin/../lib/gcc/arm-none-eabi/10.3.1/../../../../arm-none-eabi/lib/thumb/v7e-m+fp/hard\libc_nano.a(lib_a-init.o)
                              c:/st/stm32cubeide_1.10.1/stm32cubeide/plugins/com.st.stm32cube.ide.mcu.externaltools.gnu-tools-for-stm32.10.3-2021.10.win32_1.0.0.202111181127/tools/bin/../lib/gcc/arm-none-eabi/10.3.1/../../../../arm-none-eabi/lib/thumb/v7e-m+fp/hard/crt0.o (__libc_init_array)
c:/st/stm32cubeide_1.10.1/stm32cubeide/plugins/com.st.stm32cube.ide.mcu.externaltools.gnu-tools-for-stm32.10.3-2021.10.win32_1.0.0.202111181127/tools/bin/../lib/gcc/arm-none-eabi/10.3.1/../../../../arm-none-eabi/lib/thumb/v7e-m+fp/hard\libc_nano.a(lib_a-itoa.o)
                              ./Core/Src/display_management.o (itoa)
c:/st/stm32cubeide_1.10.1/stm32cubeide/plugins/com.st.stm32cube.ide.mcu.externaltools.gnu-tools-for-stm32.10.3-2021.10.win32_1.0.0.202111181127/tools/bin/../lib/gcc/arm-none-eabi/10.3.1/../../../../arm-none-eabi/lib/thumb/v7e-m+fp/hard\libc_nano.a(lib_a-memset.o)
                              c:/st/stm32cubeide_1.10.1/stm32cubeide/plugins/com.st.stm32cube.ide.mcu.externaltools.gnu-tools-for-stm32.10.3-2021.10.win32_1.0.0.202111181127/tools/bin/../lib/gcc/arm-none-eabi/10.3.1/../../../../arm-none-eabi/lib/thumb/v7e-m+fp/hard/crt0.o (memset)
c:/st/stm32cubeide_1.10.1/stm32cubeide/plugins/com.st.stm32cube.ide.mcu.externaltools.gnu-tools-for-stm32.10.3-2021.10.win32_1.0.0.202111181127/tools/bin/../lib/gcc/arm-none-eabi/10.3.1/../../../../arm-none-eabi/lib/thumb/v7e-m+fp/hard\libc_nano.a(lib_a-utoa.o)
                              c:/st/stm32cubeide_1.10.1/stm32cubeide/plugins/com.st.stm32cube.ide.mcu.externaltools.gnu-tools-for-stm32.10.3-2021.10.win32_1.0.0.202111181127/tools/bin/../lib/gcc/arm-none-eabi/10.3.1/../../../../arm-none-eabi/lib/thumb/v7e-m+fp/hard\libc_nano.a(lib_a-itoa.o) (__utoa)
c:/st/stm32cubeide_1.10.1/stm32cubeide/plugins/com.st.stm32cube.ide.mcu.externaltools.gnu-tools-for-stm32.10.3-2021.10.win32_1.0.0.202111181127/tools/bin/../lib/gcc/arm-none-eabi/10.3.1/thumb/v7e-m+fp/hard\libgcc.a(_aeabi_uldivmod.o)
                              ./Drivers/STM32F4xx_HAL_Driver/Src/stm32f4xx_hal_rcc.o (__aeabi_uldivmod)
c:/st/stm32cubeide_1.10.1/stm32cubeide/plugins/com.st.stm32cube.ide.mcu.externaltools.gnu-tools-for-stm32.10.3-2021.10.win32_1.0.0.202111181127/tools/bin/../lib/gcc/arm-none-eabi/10.3.1/thumb/v7e-m+fp/hard\libgcc.a(_udivmoddi4.o)
                              c:/st/stm32cubeide_1.10.1/stm32cubeide/plugins/com.st.stm32cube.ide.mcu.externaltools.gnu-tools-for-stm32.10.3-2021.10.win32_1.0.0.202111181127/tools/bin/../lib/gcc/arm-none-eabi/10.3.1/thumb/v7e-m+fp/hard\libgcc.a(_aeabi_uldivmod.o) (__udivmoddi4)
c:/st/stm32cubeide_1.10.1/stm32cubeide/plugins/com.st.stm32cube.ide.mcu.externaltools.gnu-tools-for-stm32.10.3-2021.10.win32_1.0.0.202111181127/tools/bin/../lib/gcc/arm-none-eabi/10.3.1/thumb/v7e-m+fp/hard\libgcc.a(_dvmd_tls.o)
                              c:/st/stm32cubeide_1.10.1/stm32cubeide/plugins/com.st.stm32cube.ide.mcu.externaltools.gnu-tools-for-stm32.10.3-2021.10.win32_1.0.0.202111181127/tools/bin/../lib/gcc/arm-none-eabi/10.3.1/thumb/v7e-m+fp/hard\libgcc.a(_aeabi_uldivmod.o) (__aeabi_ldiv0)

Discarded input sections

[...]
Memory Configuration

Name             Origin             Length             Attributes
CCMRAM           0x0000000010000000 0x0000000000010000 xrw
RAM              0x0000000020000000 0x0000000000020000 xrw
FLASH            0x0000000008000000 0x0000000000100000 xr
*default*        0x0000000000000000 0xffffffffffffffff

Linker script and memory map

LOAD c:/st/stm32cubeide_1.10.1/stm32cubeide/plugins/com.st.stm32cube.ide.mcu.externaltools.gnu-tools-for-stm32.10.3-2021.10.win32_1.0.0.202111181127/tools/bin/../lib/gcc/arm-none-eabi/10.3.1/thumb/v7e-m+fp/hard/crti.o
LOAD c:/st/stm32cubeide_1.10.1/stm32cubeide/plugins/com.st.stm32cube.ide.mcu.externaltools.gnu-tools-for-stm32.10.3-2021.10.win32_1.0.0.202111181127/tools/bin/../lib/gcc/arm-none-eabi/10.3.1/thumb/v7e-m+fp/hard/crtbegin.o
LOAD c:/st/stm32cubeide_1.10.1/stm32cubeide/plugins/com.st.stm32cube.ide.mcu.externaltools.gnu-tools-for-stm32.10.3-2021.10.win32_1.0.0.202111181127/tools/bin/../lib/gcc/arm-none-eabi/10.3.1/../../../../arm-none-eabi/lib/thumb/v7e-m+fp/hard/crt0.o
LOAD ./Core/Src/ILI9341_Driver.o
LOAD ./Core/Src/Si468x.o
LOAD ./Core/Src/display_management.o
LOAD ./Core/Src/dma.o
LOAD ./Core/Src/gpio.o
LOAD ./Core/Src/i2c.o
LOAD ./Core/Src/leds.o
LOAD ./Core/Src/main.o
LOAD ./Core/Src/spi.o
LOAD ./Core/Src/stm32f4xx_hal_msp.o
LOAD ./Core/Src/stm32f4xx_it.o
LOAD ./Core/Src/syscalls.o
LOAD ./Core/Src/sysmem.o
LOAD ./Core/Src/system_stm32f4xx.o
LOAD ./Core/Src/tim.o
LOAD ./Core/Src/usart.o
LOAD ./Core/Startup/startup_stm32f407vgtx.o
LOAD ./Drivers/STM32F4xx_HAL_Driver/Src/stm32f4xx_hal.o
LOAD ./Drivers/STM32F4xx_HAL_Driver/Src/stm32f4xx_hal_cortex.o
LOAD ./Drivers/STM32F4xx_HAL_Driver/Src/stm32f4xx_hal_dma.o
LOAD ./Drivers/STM32F4xx_HAL_Driver/Src/stm32f4xx_hal_dma_ex.o
LOAD ./Drivers/STM32F4xx_HAL_Driver/Src/stm32f4xx_hal_exti.o
LOAD ./Drivers/STM32F4xx_HAL_Driver/Src/stm32f4xx_hal_flash.o
LOAD ./Drivers/STM32F4xx_HAL_Driver/Src/stm32f4xx_hal_flash_ex.o
LOAD ./Drivers/STM32F4xx_HAL_Driver/Src/stm32f4xx_hal_flash_ramfunc.o
LOAD ./Drivers/STM32F4xx_HAL_Driver/Src/stm32f4xx_hal_gpio.o
LOAD ./Drivers/STM32F4xx_HAL_Driver/Src/stm32f4xx_hal_i2c.o
LOAD ./Drivers/STM32F4xx_HAL_Driver/Src/stm32f4xx_hal_i2c_ex.o
LOAD ./Drivers/STM32F4xx_HAL_Driver/Src/stm32f4xx_hal_pwr.o
LOAD ./Drivers/STM32F4xx_HAL_Driver/Src/stm32f4xx_hal_pwr_ex.o
LOAD ./Drivers/STM32F4xx_HAL_Driver/Src/stm32f4xx_hal_rcc.o
LOAD ./Drivers/STM32F4xx_HAL_Driver/Src/stm32f4xx_hal_rcc_ex.o
LOAD ./Drivers/STM32F4xx_HAL_Driver/Src/stm32f4xx_hal_spi.o
LOAD ./Drivers/STM32F4xx_HAL_Driver/Src/stm32f4xx_hal_tim.o
LOAD ./Drivers/STM32F4xx_HAL_Driver/Src/stm32f4xx_hal_tim_ex.o
LOAD ./Drivers/STM32F4xx_HAL_Driver/Src/stm32f4xx_hal_uart.o
START GROUP
LOAD c:/st/stm32cubeide_1.10.1/stm32cubeide/plugins/com.st.stm32cube.ide.mcu.externaltools.gnu-tools-for-stm32.10.3-2021.10.win32_1.0.0.202111181127/tools/bin/../lib/gcc/arm-none-eabi/10.3.1/../../../../arm-none-eabi/lib/thumb/v7e-m+fp/hard\libc_nano.a
LOAD c:/st/stm32cubeide_1.10.1/stm32cubeide/plugins/com.st.stm32cube.ide.mcu.externaltools.gnu-tools-for-stm32.10.3-2021.10.win32_1.0.0.202111181127/tools/bin/../lib/gcc/arm-none-eabi/10.3.1/../../../../arm-none-eabi/lib/thumb/v7e-m+fp/hard\libm.a
END GROUP
START GROUP
LOAD c:/st/stm32cubeide_1.10.1/stm32cubeide/plugins/com.st.stm32cube.ide.mcu.externaltools.gnu-tools-for-stm32.10.3-2021.10.win32_1.0.0.202111181127/tools/bin/../lib/gcc/arm-none-eabi/10.3.1/thumb/v7e-m+fp/hard\libgcc.a
LOAD c:/st/stm32cubeide_1.10.1/stm32cubeide/plugins/com.st.stm32cube.ide.mcu.externaltools.gnu-tools-for-stm32.10.3-2021.10.win32_1.0.0.202111181127/tools/bin/../lib/gcc/arm-none-eabi/10.3.1/../../../../arm-none-eabi/lib/thumb/v7e-m+fp/hard\libc_nano.a
END GROUP
START GROUP
LOAD c:/st/stm32cubeide_1.10.1/stm32cubeide/plugins/com.st.stm32cube.ide.mcu.externaltools.gnu-tools-for-stm32.10.3-2021.10.win32_1.0.0.202111181127/tools/bin/../lib/gcc/arm-none-eabi/10.3.1/thumb/v7e-m+fp/hard\libgcc.a
LOAD c:/st/stm32cubeide_1.10.1/stm32cubeide/plugins/com.st.stm32cube.ide.mcu.externaltools.gnu-tools-for-stm32.10.3-2021.10.win32_1.0.0.202111181127/tools/bin/../lib/gcc/arm-none-eabi/10.3.1/../../../../arm-none-eabi/lib/thumb/v7e-m+fp/hard\libc_nano.a
LOAD c:/st/stm32cubeide_1.10.1/stm32cubeide/plugins/com.st.stm32cube.ide.mcu.externaltools.gnu-tools-for-stm32.10.3-2021.10.win32_1.0.0.202111181127/tools/bin/../lib/gcc/arm-none-eabi/10.3.1/../../../../arm-none-eabi/lib/thumb/v7e-m+fp/hard\libnosys.a
END GROUP
START GROUP
LOAD c:/st/stm32cubeide_1.10.1/stm32cubeide/plugins/com.st.stm32cube.ide.mcu.externaltools.gnu-tools-for-stm32.10.3-2021.10.win32_1.0.0.202111181127/tools/bin/../lib/gcc/arm-none-eabi/10.3.1/thumb/v7e-m+fp/hard\libgcc.a
LOAD c:/st/stm32cubeide_1.10.1/stm32cubeide/plugins/com.st.stm32cube.ide.mcu.externaltools.gnu-tools-for-stm32.10.3-2021.10.win32_1.0.0.202111181127/tools/bin/../lib/gcc/arm-none-eabi/10.3.1/../../../../arm-none-eabi/lib/thumb/v7e-m+fp/hard\libc_nano.a
LOAD c:/st/stm32cubeide_1.10.1/stm32cubeide/plugins/com.st.stm32cube.ide.mcu.externaltools.gnu-tools-for-stm32.10.3-2021.10.win32_1.0.0.202111181127/tools/bin/../lib/gcc/arm-none-eabi/10.3.1/../../../../arm-none-eabi/lib/thumb/v7e-m+fp/hard\libnosys.a
END GROUP
LOAD c:/st/stm32cubeide_1.10.1/stm32cubeide/plugins/com.st.stm32cube.ide.mcu.externaltools.gnu-tools-for-stm32.10.3-2021.10.win32_1.0.0.202111181127/tools/bin/../lib/gcc/arm-none-eabi/10.3.1/thumb/v7e-m+fp/hard/crtend.o
LOAD c:/st/stm32cubeide_1.10.1/stm32cubeide/plugins/com.st.stm32cube.ide.mcu.externaltools.gnu-tools-for-stm32.10.3-2021.10.win32_1.0.0.202111181127/tools/bin/../lib/gcc/arm-none-eabi/10.3.1/thumb/v7e-m+fp/hard/crtn.o
                0x0000000020020000                _estack = (ORIGIN (RAM) + LENGTH (RAM))
                0x0000000000000200                _Min_Heap_Size = 0x200
                0x0000000000000400                _Min_Stack_Size = 0x400

.isr_vector     0x0000000008000000      0x188
                0x0000000008000000                . = ALIGN (0x4)
 *(.isr_vector)
 .isr_vector    0x0000000008000000      0x188 ./Core/Startup/startup_stm32f407vgtx.o
                0x0000000008000000                g_pfnVectors
                0x0000000008000188                . = ALIGN (0x4)

.text           0x0000000008000188     0x52a8
                0x0000000008000188                . = ALIGN (0x4)
 *(.text)
 .text          0x0000000008000188       0x40 c:/st/stm32cubeide_1.10.1/stm32cubeide/plugins/com.st.stm32cube.ide.mcu.externaltools.gnu-tools-for-stm32.10.3-2021.10.win32_1.0.0.202111181127/tools/bin/../lib/gcc/arm-none-eabi/10.3.1/thumb/v7e-m+fp/hard/crtbegin.o
 .text          0x00000000080001c8       0x30 c:/st/stm32cubeide_1.10.1/stm32cubeide/plugins/com.st.stm32cube.ide.mcu.externaltools.gnu-tools-for-stm32.10.3-2021.10.win32_1.0.0.202111181127/tools/bin/../lib/gcc/arm-none-eabi/10.3.1/thumb/v7e-m+fp/hard\libgcc.a(_aeabi_uldivmod.o)
                0x00000000080001c8                __aeabi_uldivmod
 .text          0x00000000080001f8      0x2d0 c:/st/stm32cubeide_1.10.1/stm32cubeide/plugins/com.st.stm32cube.ide.mcu.externaltools.gnu-tools-for-stm32.10.3-2021.10.win32_1.0.0.202111181127/tools/bin/../lib/gcc/arm-none-eabi/10.3.1/thumb/v7e-m+fp/hard\libgcc.a(_udivmoddi4.o)
                0x00000000080001f8                __udivmoddi4
 .text          0x00000000080004c8        0x4 c:/st/stm32cubeide_1.10.1/stm32cubeide/plugins/com.st.stm32cube.ide.mcu.externaltools.gnu-tools-for-stm32.10.3-2021.10.win32_1.0.0.202111181127/tools/bin/../lib/gcc/arm-none-eabi/10.3.1/thumb/v7e-m+fp/hard\libgcc.a(_dvmd_tls.o)
                0x00000000080004c8                __aeabi_idiv0
                0x00000000080004c8                __aeabi_ldiv0
 *(.text*)
 .text.ILI9341_Init
                0x00000000080004cc      0x20a ./Core/Src/ILI9341_Driver.o
                0x00000000080004cc                ILI9341_Init
 *fill*         0x00000000080006d6        0x2 
 .text.ILI9341_SPI_Send
                0x00000000080006d8       0x24 ./Core/Src/ILI9341_Driver.o
                0x00000000080006d8                ILI9341_SPI_Send
 .text.ILI9341_Reset
                0x00000000080006fc       0x50 ./Core/Src/ILI9341_Driver.o
                0x00000000080006fc                ILI9341_Reset
 .text.ILI9341_Set_Rotation
                0x000000000800074c       0x94 ./Core/Src/ILI9341_Driver.o
                0x000000000800074c                ILI9341_Set_Rotation
 .text.ILI9341_SPI_Send_32
                0x00000000080007e0       0x74 ./Core/Src/ILI9341_Driver.o
                0x00000000080007e0                ILI9341_SPI_Send_32
 .text.ILI9341_Set_Address
                0x0000000008000854       0x4a ./Core/Src/ILI9341_Driver.o
                0x0000000008000854                ILI9341_Set_Address
 *fill*         0x000000000800089e        0x2 
 .text.ILI9341_Fill_Screen
                0x00000000080008a0       0x48 ./Core/Src/ILI9341_Driver.o
                0x00000000080008a0                ILI9341_Fill_Screen
 .text.ILI9341_Draw_Pixel
                0x00000000080008e8       0x8c ./Core/Src/ILI9341_Driver.o
                0x00000000080008e8                ILI9341_Draw_Pixel
 .text.ILI9341_Draw_Filled_Rectangle
                0x0000000008000974       0x42 ./Core/Src/ILI9341_Driver.o
                0x0000000008000974                ILI9341_Draw_Filled_Rectangle
 .text.ILI9341_Draw_Empty_Rectangle
                0x00000000080009b6       0x56 ./Core/Src/ILI9341_Driver.o
                0x00000000080009b6                ILI9341_Draw_Empty_Rectangle
 .text.ILI9341_Draw_Line
                0x0000000008000a0c      0x102 ./Core/Src/ILI9341_Driver.o
                0x0000000008000a0c                ILI9341_Draw_Line
 *fill*         0x0000000008000b0e        0x2 
 .text.ILI9341_Draw_String
                0x0000000008000b10      0x150 ./Core/Src/ILI9341_Driver.o
                0x0000000008000b10                ILI9341_Draw_String
 .text.ILI9341_Send_Command
                0x0000000008000c60       0x1e ./Core/Src/ILI9341_Driver.o
 .text.ILI9341_Send_Data
                0x0000000008000c7e       0x1e ./Core/Src/ILI9341_Driver.o
 .text.ILI9341_Send_Burst
                0x0000000008000c9c      0x184 ./Core/Src/ILI9341_Driver.o
 .text.ILI9341_Draw_Char
                0x0000000008000e20      0x23c ./Core/Src/ILI9341_Driver.o
 .text.Before_Sending_Data
                0x000000000800105c       0x24 ./Core/Src/ILI9341_Driver.o
 .text.Before_Sending_Command
                0x0000000008001080       0x24 ./Core/Src/ILI9341_Driver.o
 .text.DisplayMainScreen
                0x00000000080010a4      0x274 ./Core/Src/display_management.o
                0x00000000080010a4                DisplayMainScreen
 .text.DisplayTest
                0x0000000008001318       0x44 ./Core/Src/display_management.o
                0x0000000008001318                DisplayTest
 .text.MX_DMA_Init
                0x000000000800135c       0x40 ./Core/Src/dma.o
                0x000000000800135c                MX_DMA_Init
 .text.MX_GPIO_Init
                0x000000000800139c      0x18c ./Core/Src/gpio.o
                0x000000000800139c                MX_GPIO_Init
 .text.MX_I2C1_Init
                0x0000000008001528       0x5c ./Core/Src/i2c.o
                0x0000000008001528                MX_I2C1_Init
 .text.MX_I2C3_Init
                0x0000000008001584       0x5c ./Core/Src/i2c.o
                0x0000000008001584                MX_I2C3_Init
 .text.HAL_I2C_MspInit
                0x00000000080015e0      0x140 ./Core/Src/i2c.o
                0x00000000080015e0                HAL_I2C_MspInit
 .text.Leds_Control_Blink
                0x0000000008001720      0x118 ./Core/Src/leds.o
                0x0000000008001720                Leds_Control_Blink
 .text.main     0x0000000008001838       0x58 ./Core/Src/main.o
                0x0000000008001838                main
 .text.SystemClock_Config
                0x0000000008001890       0xd4 ./Core/Src/main.o
                0x0000000008001890                SystemClock_Config
 .text.Error_Handler
                0x0000000008001964        0xa ./Core/Src/main.o
                0x0000000008001964                Error_Handler
 *fill*         0x000000000800196e        0x2 
 .text.MX_SPI1_Init
                0x0000000008001970       0x6c ./Core/Src/spi.o
                0x0000000008001970                MX_SPI1_Init
 .text.MX_SPI2_Init
                0x00000000080019dc       0x6c ./Core/Src/spi.o
                0x00000000080019dc                MX_SPI2_Init
 .text.HAL_SPI_MspInit
                0x0000000008001a48      0x170 ./Core/Src/spi.o
                0x0000000008001a48                HAL_SPI_MspInit
 .text.HAL_MspInit
                0x0000000008001bb8       0x50 ./Core/Src/stm32f4xx_hal_msp.o
                0x0000000008001bb8                HAL_MspInit
 .text.NMI_Handler
                0x0000000008001c08        0x6 ./Core/Src/stm32f4xx_it.o
                0x0000000008001c08                NMI_Handler
 .text.HardFault_Handler
                0x0000000008001c0e        0x6 ./Core/Src/stm32f4xx_it.o
                0x0000000008001c0e                HardFault_Handler
 .text.MemManage_Handler
                0x0000000008001c14        0x6 ./Core/Src/stm32f4xx_it.o
                0x0000000008001c14                MemManage_Handler
 .text.BusFault_Handler
                0x0000000008001c1a        0x6 ./Core/Src/stm32f4xx_it.o
                0x0000000008001c1a                BusFault_Handler
 .text.UsageFault_Handler
                0x0000000008001c20        0x6 ./Core/Src/stm32f4xx_it.o
                0x0000000008001c20                UsageFault_Handler
 .text.SVC_Handler
                0x0000000008001c26        0xe ./Core/Src/stm32f4xx_it.o
                0x0000000008001c26                SVC_Handler
 .text.DebugMon_Handler
                0x0000000008001c34        0xe ./Core/Src/stm32f4xx_it.o
                0x0000000008001c34                DebugMon_Handler
 .text.PendSV_Handler
                0x0000000008001c42        0xe ./Core/Src/stm32f4xx_it.o
                0x0000000008001c42                PendSV_Handler
 .text.SysTick_Handler
                0x0000000008001c50       0x1c ./Core/Src/stm32f4xx_it.o
                0x0000000008001c50                SysTick_Handler
 .text.DMA1_Stream4_IRQHandler
                0x0000000008001c6c       0x14 ./Core/Src/stm32f4xx_it.o
                0x0000000008001c6c                DMA1_Stream4_IRQHandler
 .text.TIM1_UP_TIM10_IRQHandler
                0x0000000008001c80       0x14 ./Core/Src/stm32f4xx_it.o
                0x0000000008001c80                TIM1_UP_TIM10_IRQHandler
 .text.TIM1_TRG_COM_TIM11_IRQHandler
                0x0000000008001c94       0x14 ./Core/Src/stm32f4xx_it.o
                0x0000000008001c94                TIM1_TRG_COM_TIM11_IRQHandler
 .text.SPI2_IRQHandler
                0x0000000008001ca8       0x14 ./Core/Src/stm32f4xx_it.o
                0x0000000008001ca8                SPI2_IRQHandler
 .text.HAL_TIM_PeriodElapsedCallback
                0x0000000008001cbc       0x34 ./Core/Src/stm32f4xx_it.o
                0x0000000008001cbc                HAL_TIM_PeriodElapsedCallback
 .text.SystemInit
                0x0000000008001cf0       0x24 ./Core/Src/system_stm32f4xx.o
                0x0000000008001cf0                SystemInit
 .text.MX_TIM3_Init
                0x0000000008001d14       0xb4 ./Core/Src/tim.o
                0x0000000008001d14                MX_TIM3_Init
 .text.MX_TIM10_Init
                0x0000000008001dc8       0x48 ./Core/Src/tim.o
                0x0000000008001dc8                MX_TIM10_Init
 .text.MX_TIM11_Init
                0x0000000008001e10       0x48 ./Core/Src/tim.o
                0x0000000008001e10                MX_TIM11_Init
 .text.HAL_TIM_PWM_MspInit
                0x0000000008001e58       0x44 ./Core/Src/tim.o
                0x0000000008001e58                HAL_TIM_PWM_MspInit
 .text.HAL_TIM_Base_MspInit
                0x0000000008001e9c       0x8c ./Core/Src/tim.o
                0x0000000008001e9c                HAL_TIM_Base_MspInit
 .text.HAL_TIM_MspPostInit
                0x0000000008001f28       0x74 ./Core/Src/tim.o
                0x0000000008001f28                HAL_TIM_MspPostInit
 .text.MX_UART5_Init
                0x0000000008001f9c       0x54 ./Core/Src/usart.o
                0x0000000008001f9c                MX_UART5_Init
 .text.MX_USART3_UART_Init
                0x0000000008001ff0       0x54 ./Core/Src/usart.o
                0x0000000008001ff0                MX_USART3_UART_Init
 .text.HAL_UART_MspInit
                0x0000000008002044      0x140 ./Core/Src/usart.o
                0x0000000008002044                HAL_UART_MspInit
 .text.Reset_Handler
                0x0000000008002184       0x50 ./Core/Startup/startup_stm32f407vgtx.o
                0x0000000008002184                Reset_Handler
 .text.Default_Handler
                0x00000000080021d4        0x2 ./Core/Startup/startup_stm32f407vgtx.o
                0x00000000080021d4                RTC_Alarm_IRQHandler
                0x00000000080021d4                HASH_RNG_IRQHandler
                0x00000000080021d4                EXTI2_IRQHandler
                0x00000000080021d4                TIM8_CC_IRQHandler
                0x00000000080021d4                TIM1_CC_IRQHandler
                0x00000000080021d4                DMA2_Stream5_IRQHandler
                0x00000000080021d4                DMA1_Stream5_IRQHandler
                0x00000000080021d4                PVD_IRQHandler
                0x00000000080021d4                SDIO_IRQHandler
                0x00000000080021d4                TAMP_STAMP_IRQHandler
                0x00000000080021d4                CAN2_RX1_IRQHandler
                0x00000000080021d4                EXTI3_IRQHandler
                0x00000000080021d4                TIM8_TRG_COM_TIM14_IRQHandler
                0x00000000080021d4                TIM8_UP_TIM13_IRQHandler
                0x00000000080021d4                I2C3_ER_IRQHandler
                0x00000000080021d4                EXTI0_IRQHandler
                0x00000000080021d4                I2C2_EV_IRQHandler
                0x00000000080021d4                DMA1_Stream2_IRQHandler
                0x00000000080021d4                CAN1_RX0_IRQHandler
                0x00000000080021d4                FPU_IRQHandler
                0x00000000080021d4                OTG_HS_WKUP_IRQHandler
                0x00000000080021d4                CAN2_SCE_IRQHandler
                0x00000000080021d4                DMA2_Stream2_IRQHandler
                0x00000000080021d4                SPI1_IRQHandler
                0x00000000080021d4                TIM6_DAC_IRQHandler
                0x00000000080021d4                TIM1_BRK_TIM9_IRQHandler
                0x00000000080021d4                DCMI_IRQHandler
                0x00000000080021d4                CAN2_RX0_IRQHandler
                0x00000000080021d4                DMA2_Stream3_IRQHandler
                0x00000000080021d4                USART6_IRQHandler
                0x00000000080021d4                USART3_IRQHandler
                0x00000000080021d4                CAN1_RX1_IRQHandler
                0x00000000080021d4                UART5_IRQHandler
                0x00000000080021d4                DMA2_Stream0_IRQHandler
                0x00000000080021d4                TIM4_IRQHandler
                0x00000000080021d4                I2C1_EV_IRQHandler
                0x00000000080021d4                DMA1_Stream6_IRQHandler
                0x00000000080021d4                DMA1_Stream1_IRQHandler
                0x00000000080021d4                UART4_IRQHandler
                0x00000000080021d4                TIM3_IRQHandler
                0x00000000080021d4                RCC_IRQHandler
                0x00000000080021d4                TIM8_BRK_TIM12_IRQHandler
                0x00000000080021d4                Default_Handler
                0x00000000080021d4                EXTI15_10_IRQHandler
                0x00000000080021d4                ADC_IRQHandler
                0x00000000080021d4                DMA1_Stream7_IRQHandler
                0x00000000080021d4                TIM7_IRQHandler
                0x00000000080021d4                CAN2_TX_IRQHandler
                0x00000000080021d4                TIM5_IRQHandler
                0x00000000080021d4                DMA2_Stream7_IRQHandler
                0x00000000080021d4                I2C3_EV_IRQHandler
                0x00000000080021d4                EXTI9_5_IRQHandler
                0x00000000080021d4                RTC_WKUP_IRQHandler
                0x00000000080021d4                ETH_WKUP_IRQHandler
                0x00000000080021d4                OTG_HS_EP1_IN_IRQHandler
                0x00000000080021d4                DMA1_Stream0_IRQHandler
                0x00000000080021d4                CAN1_TX_IRQHandler
                0x00000000080021d4                EXTI4_IRQHandler
                0x00000000080021d4                FSMC_IRQHandler
                0x00000000080021d4                ETH_IRQHandler
                0x00000000080021d4                OTG_HS_EP1_OUT_IRQHandler
                0x00000000080021d4                WWDG_IRQHandler
                0x00000000080021d4                TIM2_IRQHandler
                0x00000000080021d4                OTG_FS_WKUP_IRQHandler
                0x00000000080021d4                OTG_HS_IRQHandler
                0x00000000080021d4                EXTI1_IRQHandler
                0x00000000080021d4                USART2_IRQHandler
                0x00000000080021d4                I2C2_ER_IRQHandler
                0x00000000080021d4                DMA2_Stream1_IRQHandler
                0x00000000080021d4                CAN1_SCE_IRQHandler
                0x00000000080021d4                FLASH_IRQHandler
                0x00000000080021d4                DMA2_Stream4_IRQHandler
                0x00000000080021d4                USART1_IRQHandler
                0x00000000080021d4                OTG_FS_IRQHandler
                0x00000000080021d4                SPI3_IRQHandler
                0x00000000080021d4                I2C1_ER_IRQHandler
                0x00000000080021d4                DMA2_Stream6_IRQHandler
                0x00000000080021d4                DMA1_Stream3_IRQHandler
 *fill*         0x00000000080021d6        0x2 
 .text.HAL_Init
                0x00000000080021d8       0x44 ./Drivers/STM32F4xx_HAL_Driver/Src/stm32f4xx_hal.o
                0x00000000080021d8                HAL_Init
 .text.HAL_InitTick
                0x000000000800221c       0x60 ./Drivers/STM32F4xx_HAL_Driver/Src/stm32f4xx_hal.o
                0x000000000800221c                HAL_InitTick
 .text.HAL_IncTick
                0x000000000800227c       0x28 ./Drivers/STM32F4xx_HAL_Driver/Src/stm32f4xx_hal.o
                0x000000000800227c                HAL_IncTick
 .text.HAL_GetTick
                0x00000000080022a4       0x18 ./Drivers/STM32F4xx_HAL_Driver/Src/stm32f4xx_hal.o
                0x00000000080022a4                HAL_GetTick
 .text.HAL_Delay
                0x00000000080022bc       0x48 ./Drivers/STM32F4xx_HAL_Driver/Src/stm32f4xx_hal.o
                0x00000000080022bc                HAL_Delay
 .text.__NVIC_SetPriorityGrouping
                0x0000000008002304       0x48 ./Drivers/STM32F4xx_HAL_Driver/Src/stm32f4xx_hal_cortex.o
 .text.__NVIC_GetPriorityGrouping
                0x000000000800234c       0x1c ./Drivers/STM32F4xx_HAL_Driver/Src/stm32f4xx_hal_cortex.o
 .text.__NVIC_EnableIRQ
                0x0000000008002368       0x3c ./Drivers/STM32F4xx_HAL_Driver/Src/stm32f4xx_hal_cortex.o
 .text.__NVIC_SetPriority
                0x00000000080023a4       0x54 ./Drivers/STM32F4xx_HAL_Driver/Src/stm32f4xx_hal_cortex.o
 .text.NVIC_EncodePriority
                0x00000000080023f8       0x66 ./Drivers/STM32F4xx_HAL_Driver/Src/stm32f4xx_hal_cortex.o
 *fill*         0x000000000800245e        0x2 
 .text.SysTick_Config
                0x0000000008002460       0x44 ./Drivers/STM32F4xx_HAL_Driver/Src/stm32f4xx_hal_cortex.o
 .text.HAL_NVIC_SetPriorityGrouping
                0x00000000080024a4       0x16 ./Drivers/STM32F4xx_HAL_Driver/Src/stm32f4xx_hal_cortex.o
                0x00000000080024a4                HAL_NVIC_SetPriorityGrouping
 .text.HAL_NVIC_SetPriority
                0x00000000080024ba       0x38 ./Drivers/STM32F4xx_HAL_Driver/Src/stm32f4xx_hal_cortex.o
                0x00000000080024ba                HAL_NVIC_SetPriority
 .text.HAL_NVIC_EnableIRQ
                0x00000000080024f2       0x1c ./Drivers/STM32F4xx_HAL_Driver/Src/stm32f4xx_hal_cortex.o
                0x00000000080024f2                HAL_NVIC_EnableIRQ
 .text.HAL_SYSTICK_Config
                0x000000000800250e       0x18 ./Drivers/STM32F4xx_HAL_Driver/Src/stm32f4xx_hal_cortex.o
                0x000000000800250e                HAL_SYSTICK_Config
 *fill*         0x0000000008002526        0x2 
 .text.HAL_DMA_Init
                0x0000000008002528      0x15c ./Drivers/STM32F4xx_HAL_Driver/Src/stm32f4xx_hal_dma.o
                0x0000000008002528                HAL_DMA_Init
 .text.HAL_DMA_Abort_IT
                0x0000000008002684       0x44 ./Drivers/STM32F4xx_HAL_Driver/Src/stm32f4xx_hal_dma.o
                0x0000000008002684                HAL_DMA_Abort_IT
 .text.HAL_DMA_IRQHandler
                0x00000000080026c8      0x314 ./Drivers/STM32F4xx_HAL_Driver/Src/stm32f4xx_hal_dma.o
                0x00000000080026c8                HAL_DMA_IRQHandler
 .text.DMA_CalcBaseAndBitshift
                0x00000000080029dc       0x6c ./Drivers/STM32F4xx_HAL_Driver/Src/stm32f4xx_hal_dma.o
 .text.DMA_CheckFifoParam
                0x0000000008002a48       0xf8 ./Drivers/STM32F4xx_HAL_Driver/Src/stm32f4xx_hal_dma.o
 .text.HAL_GPIO_Init
                0x0000000008002b40      0x338 ./Drivers/STM32F4xx_HAL_Driver/Src/stm32f4xx_hal_gpio.o
                0x0000000008002b40                HAL_GPIO_Init
 .text.HAL_GPIO_WritePin
                0x0000000008002e78       0x32 ./Drivers/STM32F4xx_HAL_Driver/Src/stm32f4xx_hal_gpio.o
                0x0000000008002e78                HAL_GPIO_WritePin
 *fill*         0x0000000008002eaa        0x2 
 .text.HAL_I2C_Init
                0x0000000008002eac      0x288 ./Drivers/STM32F4xx_HAL_Driver/Src/stm32f4xx_hal_i2c.o
                0x0000000008002eac                HAL_I2C_Init
 .text.HAL_RCC_OscConfig
                0x0000000008003134      0x4f0 ./Drivers/STM32F4xx_HAL_Driver/Src/stm32f4xx_hal_rcc.o
                0x0000000008003134                HAL_RCC_OscConfig
 .text.HAL_RCC_ClockConfig
                0x0000000008003624      0x1cc ./Drivers/STM32F4xx_HAL_Driver/Src/stm32f4xx_hal_rcc.o
                0x0000000008003624                HAL_RCC_ClockConfig
 .text.HAL_RCC_GetSysClockFreq
                0x00000000080037f0      0x20c ./Drivers/STM32F4xx_HAL_Driver/Src/stm32f4xx_hal_rcc.o
                0x00000000080037f0                HAL_RCC_GetSysClockFreq
 .text.HAL_RCC_GetHCLKFreq
                0x00000000080039fc       0x18 ./Drivers/STM32F4xx_HAL_Driver/Src/stm32f4xx_hal_rcc.o
                0x00000000080039fc                HAL_RCC_GetHCLKFreq
 .text.HAL_RCC_GetPCLK1Freq
                0x0000000008003a14       0x28 ./Drivers/STM32F4xx_HAL_Driver/Src/stm32f4xx_hal_rcc.o
                0x0000000008003a14                HAL_RCC_GetPCLK1Freq
 .text.HAL_RCC_GetPCLK2Freq
                0x0000000008003a3c       0x28 ./Drivers/STM32F4xx_HAL_Driver/Src/stm32f4xx_hal_rcc.o
                0x0000000008003a3c                HAL_RCC_GetPCLK2Freq
 .text.HAL_SPI_Init
                0x0000000008003a64      0x112 ./Drivers/STM32F4xx_HAL_Driver/Src/stm32f4xx_hal_spi.o
                0x0000000008003a64                HAL_SPI_Init
 .text.HAL_SPI_Transmit
                0x0000000008003b76      0x278 ./Drivers/STM32F4xx_HAL_Driver/Src/stm32f4xx_hal_spi.o
                0x0000000008003b76                HAL_SPI_Transmit
 *fill*         0x0000000008003dee        0x2 
 .text.HAL_SPI_IRQHandler
                0x0000000008003df0      0x200 ./Drivers/STM32F4xx_HAL_Driver/Src/stm32f4xx_hal_spi.o
                0x0000000008003df0                HAL_SPI_IRQHandler
 .text.HAL_SPI_ErrorCallback
                0x0000000008003ff0       0x14 ./Drivers/STM32F4xx_HAL_Driver/Src/stm32f4xx_hal_spi.o
                0x0000000008003ff0                HAL_SPI_ErrorCallback
 .text.SPI_DMAAbortOnError
                0x0000000008004004       0x28 ./Drivers/STM32F4xx_HAL_Driver/Src/stm32f4xx_hal_spi.o
 .text.SPI_WaitFlagStateUntilTimeout
                0x000000000800402c      0x110 ./Drivers/STM32F4xx_HAL_Driver/Src/stm32f4xx_hal_spi.o
 .text.SPI_EndRxTxTransaction
                0x000000000800413c       0x84 ./Drivers/STM32F4xx_HAL_Driver/Src/stm32f4xx_hal_spi.o
 .text.HAL_TIM_Base_Init
                0x00000000080041c0       0x9e ./Drivers/STM32F4xx_HAL_Driver/Src/stm32f4xx_hal_tim.o
                0x00000000080041c0                HAL_TIM_Base_Init
 *fill*         0x000000000800425e        0x2 
 .text.HAL_TIM_Base_Start_IT
                0x0000000008004260       0xe0 ./Drivers/STM32F4xx_HAL_Driver/Src/stm32f4xx_hal_tim.o
                0x0000000008004260                HAL_TIM_Base_Start_IT
 .text.HAL_TIM_PWM_Init
                0x0000000008004340       0x9e ./Drivers/STM32F4xx_HAL_Driver/Src/stm32f4xx_hal_tim.o
                0x0000000008004340                HAL_TIM_PWM_Init
 .text.HAL_TIM_IRQHandler
                0x00000000080043de      0x210 ./Drivers/STM32F4xx_HAL_Driver/Src/stm32f4xx_hal_tim.o
                0x00000000080043de                HAL_TIM_IRQHandler
 *fill*         0x00000000080045ee        0x2 
 .text.HAL_TIM_PWM_ConfigChannel
                0x00000000080045f0      0x184 ./Drivers/STM32F4xx_HAL_Driver/Src/stm32f4xx_hal_tim.o
                0x00000000080045f0                HAL_TIM_PWM_ConfigChannel
 .text.HAL_TIM_OC_DelayElapsedCallback
                0x0000000008004774       0x14 ./Drivers/STM32F4xx_HAL_Driver/Src/stm32f4xx_hal_tim.o
                0x0000000008004774                HAL_TIM_OC_DelayElapsedCallback
 .text.HAL_TIM_IC_CaptureCallback
                0x0000000008004788       0x14 ./Drivers/STM32F4xx_HAL_Driver/Src/stm32f4xx_hal_tim.o
                0x0000000008004788                HAL_TIM_IC_CaptureCallback
 .text.HAL_TIM_PWM_PulseFinishedCallback
                0x000000000800479c       0x14 ./Drivers/STM32F4xx_HAL_Driver/Src/stm32f4xx_hal_tim.o
                0x000000000800479c                HAL_TIM_PWM_PulseFinishedCallback
 .text.HAL_TIM_TriggerCallback
                0x00000000080047b0       0x14 ./Drivers/STM32F4xx_HAL_Driver/Src/stm32f4xx_hal_tim.o
                0x00000000080047b0                HAL_TIM_TriggerCallback
 .text.TIM_Base_SetConfig
                0x00000000080047c4      0x140 ./Drivers/STM32F4xx_HAL_Driver/Src/stm32f4xx_hal_tim.o
                0x00000000080047c4                TIM_Base_SetConfig
 .text.TIM_OC1_SetConfig
                0x0000000008004904       0xe0 ./Drivers/STM32F4xx_HAL_Driver/Src/stm32f4xx_hal_tim.o
 .text.TIM_OC2_SetConfig
                0x00000000080049e4       0xec ./Drivers/STM32F4xx_HAL_Driver/Src/stm32f4xx_hal_tim.o
                0x00000000080049e4                TIM_OC2_SetConfig
 .text.TIM_OC3_SetConfig
                0x0000000008004ad0       0xe8 ./Drivers/STM32F4xx_HAL_Driver/Src/stm32f4xx_hal_tim.o
 .text.TIM_OC4_SetConfig
                0x0000000008004bb8       0xac ./Drivers/STM32F4xx_HAL_Driver/Src/stm32f4xx_hal_tim.o
 .text.HAL_TIMEx_MasterConfigSynchronization
                0x0000000008004c64       0xf8 ./Drivers/STM32F4xx_HAL_Driver/Src/stm32f4xx_hal_tim_ex.o
                0x0000000008004c64                HAL_TIMEx_MasterConfigSynchronization
 .text.HAL_TIMEx_CommutCallback
                0x0000000008004d5c       0x14 ./Drivers/STM32F4xx_HAL_Driver/Src/stm32f4xx_hal_tim_ex.o
                0x0000000008004d5c                HAL_TIMEx_CommutCallback
 .text.HAL_TIMEx_BreakCallback
                0x0000000008004d70       0x14 ./Drivers/STM32F4xx_HAL_Driver/Src/stm32f4xx_hal_tim_ex.o
                0x0000000008004d70                HAL_TIMEx_BreakCallback
 .text.HAL_UART_Init
                0x0000000008004d84       0x9a ./Drivers/STM32F4xx_HAL_Driver/Src/stm32f4xx_hal_uart.o
                0x0000000008004d84                HAL_UART_Init
 *fill*         0x0000000008004e1e        0x2 
 .text.UART_SetConfig
                0x0000000008004e20      0x4e8 ./Drivers/STM32F4xx_HAL_Driver/Src/stm32f4xx_hal_uart.o
 .text.__libc_init_array
                0x0000000008005308       0x48 c:/st/stm32cubeide_1.10.1/stm32cubeide/plugins/com.st.stm32cube.ide.mcu.externaltools.gnu-tools-for-stm32.10.3-2021.10.win32_1.0.0.202111181127/tools/bin/../lib/gcc/arm-none-eabi/10.3.1/../../../../arm-none-eabi/lib/thumb/v7e-m+fp/hard\libc_nano.a(lib_a-init.o)
                0x0000000008005308                __libc_init_array
 .text.__itoa   0x0000000008005350       0x30 c:/st/stm32cubeide_1.10.1/stm32cubeide/plugins/com.st.stm32cube.ide.mcu.externaltools.gnu-tools-for-stm32.10.3-2021.10.win32_1.0.0.202111181127/tools/bin/../lib/gcc/arm-none-eabi/10.3.1/../../../../arm-none-eabi/lib/thumb/v7e-m+fp/hard\libc_nano.a(lib_a-itoa.o)
                0x0000000008005350                __itoa
 .text.itoa     0x0000000008005380        0x4 c:/st/stm32cubeide_1.10.1/stm32cubeide/plugins/com.st.stm32cube.ide.mcu.externaltools.gnu-tools-for-stm32.10.3-2021.10.win32_1.0.0.202111181127/tools/bin/../lib/gcc/arm-none-eabi/10.3.1/../../../../arm-none-eabi/lib/thumb/v7e-m+fp/hard\libc_nano.a(lib_a-itoa.o)
                0x0000000008005380                itoa
 .text.memset   0x0000000008005384       0x10 c:/st/stm32cubeide_1.10.1/stm32cubeide/plugins/com.st.stm32cube.ide.mcu.externaltools.gnu-tools-for-stm32.10.3-2021.10.win32_1.0.0.202111181127/tools/bin/../lib/gcc/arm-none-eabi/10.3.1/../../../../arm-none-eabi/lib/thumb/v7e-m+fp/hard\libc_nano.a(lib_a-memset.o)
                0x0000000008005384                memset
 .text.__utoa   0x0000000008005394       0x84 c:/st/stm32cubeide_1.10.1/stm32cubeide/plugins/com.st.stm32cube.ide.mcu.externaltools.gnu-tools-for-stm32.10.3-2021.10.win32_1.0.0.202111181127/tools/bin/../lib/gcc/arm-none-eabi/10.3.1/../../../../arm-none-eabi/lib/thumb/v7e-m+fp/hard\libc_nano.a(lib_a-utoa.o)
                0x0000000008005394                __utoa
 *(.glue_7)
 .glue_7        0x0000000008005418        0x0 linker stubs
 *(.glue_7t)
 .glue_7t       0x0000000008005418        0x0 linker stubs
 *(.eh_frame)
 .eh_frame      0x0000000008005418        0x0 c:/st/stm32cubeide_1.10.1/stm32cubeide/plugins/com.st.stm32cube.ide.mcu.externaltools.gnu-tools-for-stm32.10.3-2021.10.win32_1.0.0.202111181127/tools/bin/../lib/gcc/arm-none-eabi/10.3.1/thumb/v7e-m+fp/hard/crtbegin.o
 *(.init)
 .init          0x0000000008005418        0x4 c:/st/stm32cubeide_1.10.1/stm32cubeide/plugins/com.st.stm32cube.ide.mcu.externaltools.gnu-tools-for-stm32.10.3-2021.10.win32_1.0.0.202111181127/tools/bin/../lib/gcc/arm-none-eabi/10.3.1/thumb/v7e-m+fp/hard/crti.o
                0x0000000008005418                _init
 .init          0x000000000800541c        0x8 c:/st/stm32cubeide_1.10.1/stm32cubeide/plugins/com.st.stm32cube.ide.mcu.externaltools.gnu-tools-for-stm32.10.3-2021.10.win32_1.0.0.202111181127/tools/bin/../lib/gcc/arm-none-eabi/10.3.1/thumb/v7e-m+fp/hard/crtn.o
 *(.fini)
 .fini          0x0000000008005424        0x4 c:/st/stm32cubeide_1.10.1/stm32cubeide/plugins/com.st.stm32cube.ide.mcu.externaltools.gnu-tools-for-stm32.10.3-2021.10.win32_1.0.0.202111181127/tools/bin/../lib/gcc/arm-none-eabi/10.3.1/thumb/v7e-m+fp/hard/crti.o
                0x0000000008005424                _fini
 .fini          0x0000000008005428        0x8 c:/st/stm32cubeide_1.10.1/stm32cubeide/plugins/com.st.stm32cube.ide.mcu.externaltools.gnu-tools-for-stm32.10.3-2021.10.win32_1.0.0.202111181127/tools/bin/../lib/gcc/arm-none-eabi/10.3.1/thumb/v7e-m+fp/hard/crtn.o
                0x0000000008005430                . = ALIGN (0x4)
                0x0000000008005430                _etext = .

.vfp11_veneer   0x0000000008005430        0x0
 .vfp11_veneer  0x0000000008005430        0x0 linker stubs

.v4_bx          0x0000000008005430        0x0
 .v4_bx         0x0000000008005430        0x0 linker stubs

.iplt           0x0000000008005430        0x0
 .iplt          0x0000000008005430        0x0 c:/st/stm32cubeide_1.10.1/stm32cubeide/plugins/com.st.stm32cube.ide.mcu.externaltools.gnu-tools-for-stm32.10.3-2021.10.win32_1.0.0.202111181127/tools/bin/../lib/gcc/arm-none-eabi/10.3.1/thumb/v7e-m+fp/hard/crtbegin.o

.rodata         0x0000000008005430      0x96c
                0x0000000008005430                . = ALIGN (0x4)
 *(.rodata)
 .rodata        0x0000000008005430       0x59 ./Core/Src/display_management.o
 *(.rodata*)
 *fill*         0x0000000008005489        0x3 
 .rodata.chars8
                0x000000000800548c      0x2d8 ./Core/Src/ILI9341_Driver.o
 .rodata.chars16
                0x0000000008005764      0x5f0 ./Core/Src/ILI9341_Driver.o
 .rodata.AHBPrescTable
                0x0000000008005d54       0x10 ./Core/Src/system_stm32f4xx.o
                0x0000000008005d54                AHBPrescTable
 .rodata.APBPrescTable
                0x0000000008005d64        0x8 ./Core/Src/system_stm32f4xx.o
                0x0000000008005d64                APBPrescTable
 .rodata.flagBitshiftOffset.0
                0x0000000008005d6c        0x8 ./Drivers/STM32F4xx_HAL_Driver/Src/stm32f4xx_hal_dma.o
 .rodata.__utoa.str1.1
                0x0000000008005d74       0x25 c:/st/stm32cubeide_1.10.1/stm32cubeide/plugins/com.st.stm32cube.ide.mcu.externaltools.gnu-tools-for-stm32.10.3-2021.10.win32_1.0.0.202111181127/tools/bin/../lib/gcc/arm-none-eabi/10.3.1/../../../../arm-none-eabi/lib/thumb/v7e-m+fp/hard\libc_nano.a(lib_a-utoa.o)
                0x0000000008005d9c                . = ALIGN (0x4)
 *fill*         0x0000000008005d99        0x3 

.ARM.extab      0x0000000008005d9c        0x0
                0x0000000008005d9c                . = ALIGN (0x4)
 *(.ARM.extab* .gnu.linkonce.armextab.*)
                0x0000000008005d9c                . = ALIGN (0x4)

.ARM            0x0000000008005d9c        0x8
                0x0000000008005d9c                . = ALIGN (0x4)
                0x0000000008005d9c                __exidx_start = .
 *(.ARM.exidx*)
 .ARM.exidx     0x0000000008005d9c        0x8 c:/st/stm32cubeide_1.10.1/stm32cubeide/plugins/com.st.stm32cube.ide.mcu.externaltools.gnu-tools-for-stm32.10.3-2021.10.win32_1.0.0.202111181127/tools/bin/../lib/gcc/arm-none-eabi/10.3.1/thumb/v7e-m+fp/hard\libgcc.a(_udivmoddi4.o)
                0x0000000008005da4                __exidx_end = .
                0x0000000008005da4                . = ALIGN (0x4)

.rel.dyn        0x0000000008005da4        0x0
 .rel.iplt      0x0000000008005da4        0x0 c:/st/stm32cubeide_1.10.1/stm32cubeide/plugins/com.st.stm32cube.ide.mcu.externaltools.gnu-tools-for-stm32.10.3-2021.10.win32_1.0.0.202111181127/tools/bin/../lib/gcc/arm-none-eabi/10.3.1/thumb/v7e-m+fp/hard/crtbegin.o

.preinit_array  0x0000000008005da4        0x0
                0x0000000008005da4                . = ALIGN (0x4)
                0x0000000008005da4                PROVIDE (__preinit_array_start = .)
 *(.preinit_array*)
                0x0000000008005da4                PROVIDE (__preinit_array_end = .)
                0x0000000008005da4                . = ALIGN (0x4)

.init_array     0x0000000008005da4        0x4
                0x0000000008005da4                . = ALIGN (0x4)
                0x0000000008005da4                PROVIDE (__init_array_start = .)
 *(SORT_BY_NAME(.init_array.*))
 *(.init_array*)
 .init_array    0x0000000008005da4        0x4 c:/st/stm32cubeide_1.10.1/stm32cubeide/plugins/com.st.stm32cube.ide.mcu.externaltools.gnu-tools-for-stm32.10.3-2021.10.win32_1.0.0.202111181127/tools/bin/../lib/gcc/arm-none-eabi/10.3.1/thumb/v7e-m+fp/hard/crtbegin.o
                0x0000000008005da8                PROVIDE (__init_array_end = .)
                0x0000000008005da8                . = ALIGN (0x4)

.fini_array     0x0000000008005da8        0x4
                0x0000000008005da8                . = ALIGN (0x4)
                [!provide]                        PROVIDE (__fini_array_start = .)
 *(SORT_BY_NAME(.fini_array.*))
 *(.fini_array*)
 .fini_array    0x0000000008005da8        0x4 c:/st/stm32cubeide_1.10.1/stm32cubeide/plugins/com.st.stm32cube.ide.mcu.externaltools.gnu-tools-for-stm32.10.3-2021.10.win32_1.0.0.202111181127/tools/bin/../lib/gcc/arm-none-eabi/10.3.1/thumb/v7e-m+fp/hard/crtbegin.o
                [!provide]                        PROVIDE (__fini_array_end = .)
                0x0000000008005dac                . = ALIGN (0x4)
                0x0000000008005dac                _sidata = LOADADDR (.data)

.data           0x0000000020000000       0x18 load address 0x0000000008005dac
                0x0000000020000000                . = ALIGN (0x4)
                0x0000000020000000                _sdata = .
 *(.data)
 *(.data*)
 .data.X_SIZE   0x0000000020000000        0x4 ./Core/Src/ILI9341_Driver.o
 .data.Y_SIZE   0x0000000020000004        0x4 ./Core/Src/ILI9341_Driver.o
 .data.led_number
                0x0000000020000008        0x1 ./Core/Src/leds.o
                0x0000000020000008                led_number
 *fill*         0x0000000020000009        0x3 
 .data.SystemCoreClock
                0x000000002000000c        0x4 ./Core/Src/system_stm32f4xx.o
                0x000000002000000c                SystemCoreClock
 .data.uwTickPrio
                0x0000000020000010        0x4 ./Drivers/STM32F4xx_HAL_Driver/Src/stm32f4xx_hal.o
                0x0000000020000010                uwTickPrio
 .data.uwTickFreq
                0x0000000020000014        0x1 ./Drivers/STM32F4xx_HAL_Driver/Src/stm32f4xx_hal.o
                0x0000000020000014                uwTickFreq
 *(.RamFunc)
 *(.RamFunc*)
                0x0000000020000018                . = ALIGN (0x4)
 *fill*         0x0000000020000015        0x3 
                0x0000000020000018                _edata = .
                0x0000000008005dc4                _siccmram = LOADADDR (.ccmram)

.igot.plt       0x0000000020000018        0x0 load address 0x0000000008005dc4
 .igot.plt      0x0000000020000018        0x0 c:/st/stm32cubeide_1.10.1/stm32cubeide/plugins/com.st.stm32cube.ide.mcu.externaltools.gnu-tools-for-stm32.10.3-2021.10.win32_1.0.0.202111181127/tools/bin/../lib/gcc/arm-none-eabi/10.3.1/thumb/v7e-m+fp/hard/crtbegin.o

.ccmram         0x0000000010000000        0x0 load address 0x0000000008005dc4
                0x0000000010000000                . = ALIGN (0x4)
                0x0000000010000000                _sccmram = .
 *(.ccmram)
 *(.ccmram*)
                0x0000000010000000                . = ALIGN (0x4)
                0x0000000010000000                _eccmram = .
                0x0000000010000000                . = ALIGN (0x4)

.bss            0x0000000020000018      0x364
                0x0000000020000018                _sbss = .
                0x0000000020000018                __bss_start__ = _sbss
 *(.bss)
 .bss           0x0000000020000018       0x1c c:/st/stm32cubeide_1.10.1/stm32cubeide/plugins/com.st.stm32cube.ide.mcu.externaltools.gnu-tools-for-stm32.10.3-2021.10.win32_1.0.0.202111181127/tools/bin/../lib/gcc/arm-none-eabi/10.3.1/thumb/v7e-m+fp/hard/crtbegin.o
 *(.bss*)
 .bss.hh        0x0000000020000034        0x1 ./Core/Src/ILI9341_Driver.o
                0x0000000020000034                hh
 *fill*         0x0000000020000035        0x3 
 .bss.char_buffer
                0x0000000020000038       0x20 ./Core/Src/display_management.o
                0x0000000020000038                char_buffer
 .bss.test_cnt  0x0000000020000058        0x4 ./Core/Src/display_management.o
                0x0000000020000058                test_cnt
 .bss.hi2c1     0x000000002000005c       0x54 ./Core/Src/i2c.o
                0x000000002000005c                hi2c1
 .bss.hi2c3     0x00000000200000b0       0x54 ./Core/Src/i2c.o
                0x00000000200000b0                hi2c3
 .bss.hspi1     0x0000000020000104       0x58 ./Core/Src/spi.o
                0x0000000020000104                hspi1
 .bss.hspi2     0x000000002000015c       0x58 ./Core/Src/spi.o
                0x000000002000015c                hspi2
 .bss.hdma_spi2_tx
                0x00000000200001b4       0x60 ./Core/Src/spi.o
                0x00000000200001b4                hdma_spi2_tx
 .bss.systick_ticks
                0x0000000020000214        0x2 ./Core/Src/stm32f4xx_it.o
                0x0000000020000214                systick_ticks
 *fill*         0x0000000020000216        0x2 
 .bss.htim3     0x0000000020000218       0x48 ./Core/Src/tim.o
                0x0000000020000218                htim3
 .bss.htim10    0x0000000020000260       0x48 ./Core/Src/tim.o
                0x0000000020000260                htim10
 .bss.htim11    0x00000000200002a8       0x48 ./Core/Src/tim.o
                0x00000000200002a8                htim11
 .bss.huart5    0x00000000200002f0       0x44 ./Core/Src/usart.o
                0x00000000200002f0                huart5
 .bss.huart3    0x0000000020000334       0x44 ./Core/Src/usart.o
                0x0000000020000334                huart3
 .bss.uwTick    0x0000000020000378        0x4 ./Drivers/STM32F4xx_HAL_Driver/Src/stm32f4xx_hal.o
                0x0000000020000378                uwTick
 *(COMMON)
                0x000000002000037c                . = ALIGN (0x4)
                0x000000002000037c                _ebss = .
                0x000000002000037c                __bss_end__ = _ebss

._user_heap_stack
                0x000000002000037c      0x604
                0x0000000020000380                . = ALIGN (0x8)
 *fill*         0x000000002000037c        0x4 
                [!provide]                        PROVIDE (end = .)
                0x0000000020000380                PROVIDE (_end = .)
                0x0000000020000580                . = (. + _Min_Heap_Size)
 *fill*         0x0000000020000380      0x200 
                0x0000000020000980                . = (. + _Min_Stack_Size)
 *fill*         0x0000000020000580      0x400 
                0x0000000020000980                . = ALIGN (0x8)

/DISCARD/
 libc.a(*)
 libm.a(*)
 libgcc.a(*)

.ARM.attributes
                0x0000000000000000       0x30
 *(.ARM.attributes)
 .ARM.attributes
                0x0000000000000000       0x1e c:/st/stm32cubeide_1.10.1/stm32cubeide/plugins/com.st.stm32cube.ide.mcu.externaltools.gnu-tools-for-stm32.10.3-2021.10.win32_1.0.0.202111181127/tools/bin/../lib/gcc/arm-none-eabi/10.3.1/thumb/v7e-m+fp/hard/crti.o
 .ARM.attributes
                0x000000000000001e       0x34 c:/st/stm32cubeide_1.10.1/stm32cubeide/plugins/com.st.stm32cube.ide.mcu.externaltools.gnu-tools-for-stm32.10.3-2021.10.win32_1.0.0.202111181127/tools/bin/../lib/gcc/arm-none-eabi/10.3.1/thumb/v7e-m+fp/hard/crtbegin.o
 .ARM.attributes
                0x0000000000000052       0x34 ./Core/Src/ILI9341_Driver.o
 .ARM.attributes
                0x0000000000000086       0x34 ./Core/Src/display_management.o
 .ARM.attributes
                0x00000000000000ba       0x34 ./Core/Src/dma.o
 .ARM.attributes
                0x00000000000000ee       0x34 ./Core/Src/gpio.o
 .ARM.attributes
                0x0000000000000122       0x34 ./Core/Src/i2c.o
 .ARM.attributes
                0x0000000000000156       0x34 ./Core/Src/leds.o
 .ARM.attributes
                0x000000000000018a       0x34 ./Core/Src/main.o
 .ARM.attributes
                0x00000000000001be       0x34 ./Core/Src/spi.o
 .ARM.attributes
                0x00000000000001f2       0x34 ./Core/Src/stm32f4xx_hal_msp.o
 .ARM.attributes
                0x0000000000000226       0x34 ./Core/Src/stm32f4xx_it.o
 .ARM.attributes
                0x000000000000025a       0x34 ./Core/Src/system_stm32f4xx.o
 .ARM.attributes
                0x000000000000028e       0x34 ./Core/Src/tim.o
 .ARM.attributes
                0x00000000000002c2       0x34 ./Core/Src/usart.o
 .ARM.attributes
                0x00000000000002f6       0x21 ./Core/Startup/startup_stm32f407vgtx.o
 .ARM.attributes
                0x0000000000000317       0x34 ./Drivers/STM32F4xx_HAL_Driver/Src/stm32f4xx_hal.o
 .ARM.attributes
                0x000000000000034b       0x34 ./Drivers/STM32F4xx_HAL_Driver/Src/stm32f4xx_hal_cortex.o
 .ARM.attributes
                0x000000000000037f       0x34 ./Drivers/STM32F4xx_HAL_Driver/Src/stm32f4xx_hal_dma.o
 .ARM.attributes
                0x00000000000003b3       0x34 ./Drivers/STM32F4xx_HAL_Driver/Src/stm32f4xx_hal_gpio.o
 .ARM.attributes
                0x00000000000003e7       0x34 ./Drivers/STM32F4xx_HAL_Driver/Src/stm32f4xx_hal_i2c.o
 .ARM.attributes
                0x000000000000041b       0x34 ./Drivers/STM32F4xx_HAL_Driver/Src/stm32f4xx_hal_rcc.o
 .ARM.attributes
                0x000000000000044f       0x34 ./Drivers/STM32F4xx_HAL_Driver/Src/stm32f4xx_hal_spi.o
 .ARM.attributes
                0x0000000000000483       0x34 ./Drivers/STM32F4xx_HAL_Driver/Src/stm32f4xx_hal_tim.o
 .ARM.attributes
                0x00000000000004b7       0x34 ./Drivers/STM32F4xx_HAL_Driver/Src/stm32f4xx_hal_tim_ex.o
 .ARM.attributes
                0x00000000000004eb       0x34 ./Drivers/STM32F4xx_HAL_Driver/Src/stm32f4xx_hal_uart.o
 .ARM.attributes
                0x000000000000051f       0x34 c:/st/stm32cubeide_1.10.1/stm32cubeide/plugins/com.st.stm32cube.ide.mcu.externaltools.gnu-tools-for-stm32.10.3-2021.10.win32_1.0.0.202111181127/tools/bin/../lib/gcc/arm-none-eabi/10.3.1/../../../../arm-none-eabi/lib/thumb/v7e-m+fp/hard\libc_nano.a(lib_a-init.o)
 .ARM.attributes
                0x0000000000000553       0x34 c:/st/stm32cubeide_1.10.1/stm32cubeide/plugins/com.st.stm32cube.ide.mcu.externaltools.gnu-tools-for-stm32.10.3-2021.10.win32_1.0.0.202111181127/tools/bin/../lib/gcc/arm-none-eabi/10.3.1/../../../../arm-none-eabi/lib/thumb/v7e-m+fp/hard\libc_nano.a(lib_a-itoa.o)
 .ARM.attributes
                0x0000000000000587       0x34 c:/st/stm32cubeide_1.10.1/stm32cubeide/plugins/com.st.stm32cube.ide.mcu.externaltools.gnu-tools-for-stm32.10.3-2021.10.win32_1.0.0.202111181127/tools/bin/../lib/gcc/arm-none-eabi/10.3.1/../../../../arm-none-eabi/lib/thumb/v7e-m+fp/hard\libc_nano.a(lib_a-memset.o)
 .ARM.attributes
                0x00000000000005bb       0x34 c:/st/stm32cubeide_1.10.1/stm32cubeide/plugins/com.st.stm32cube.ide.mcu.externaltools.gnu-tools-for-stm32.10.3-2021.10.win32_1.0.0.202111181127/tools/bin/../lib/gcc/arm-none-eabi/10.3.1/../../../../arm-none-eabi/lib/thumb/v7e-m+fp/hard\libc_nano.a(lib_a-utoa.o)
 .ARM.attributes
                0x00000000000005ef       0x1e c:/st/stm32cubeide_1.10.1/stm32cubeide/plugins/com.st.stm32cube.ide.mcu.externaltools.gnu-tools-for-stm32.10.3-2021.10.win32_1.0.0.202111181127/tools/bin/../lib/gcc/arm-none-eabi/10.3.1/thumb/v7e-m+fp/hard\libgcc.a(_aeabi_uldivmod.o)
 .ARM.attributes
                0x000000000000060d       0x34 c:/st/stm32cubeide_1.10.1/stm32cubeide/plugins/com.st.stm32cube.ide.mcu.externaltools.gnu-tools-for-stm32.10.3-2021.10.win32_1.0.0.202111181127/tools/bin/../lib/gcc/arm-none-eabi/10.3.1/thumb/v7e-m+fp/hard\libgcc.a(_udivmoddi4.o)
 .ARM.attributes
                0x0000000000000641       0x1e c:/st/stm32cubeide_1.10.1/stm32cubeide/plugins/com.st.stm32cube.ide.mcu.externaltools.gnu-tools-for-stm32.10.3-2021.10.win32_1.0.0.202111181127/tools/bin/../lib/gcc/arm-none-eabi/10.3.1/thumb/v7e-m+fp/hard\libgcc.a(_dvmd_tls.o)
 .ARM.attributes
                0x000000000000065f       0x1e c:/st/stm32cubeide_1.10.1/stm32cubeide/plugins/com.st.stm32cube.ide.mcu.externaltools.gnu-tools-for-stm32.10.3-2021.10.win32_1.0.0.202111181127/tools/bin/../lib/gcc/arm-none-eabi/10.3.1/thumb/v7e-m+fp/hard/crtn.o
OUTPUT(DAB_STM32_Si468x.elf elf32-littlearm)
LOAD linker stubs
LOAD c:/st/stm32cubeide_1.10.1/stm32cubeide/plugins/com.st.stm32cube.ide.mcu.externaltools.gnu-tools-for-stm32.10.3-2021.10.win32_1.0.0.202111181127/tools/bin/../lib/gcc/arm-none-eabi/10.3.1/../../../../arm-none-eabi/lib/thumb/v7e-m+fp/hard\libc.a
LOAD c:/st/stm32cubeide_1.10.1/stm32cubeide/plugins/com.st.stm32cube.ide.mcu.externaltools.gnu-tools-for-stm32.10.3-2021.10.win32_1.0.0.202111181127/tools/bin/../lib/gcc/arm-none-eabi/10.3.1/../../../../arm-none-eabi/lib/thumb/v7e-m+fp/hard\libm.a
LOAD c:/st/stm32cubeide_1.10.1/stm32cubeide/plugins/com.st.stm32cube.ide.mcu.externaltools.gnu-tools-for-stm32.10.3-2021.10.win32_1.0.0.202111181127/tools/bin/../lib/gcc/arm-none-eabi/10.3.1/thumb/v7e-m+fp/hard\libgcc.a

.debug_info     0x0000000000000000    0x14ed4
 .debug_info    0x0000000000000000      0xf2f ./Core/Src/ILI9341_Driver.o
 .debug_info    0x0000000000000f2f      0x2ae ./Core/Src/display_management.o
 .debug_info    0x00000000000011dd      0x4ec ./Core/Src/dma.o
 .debug_info    0x00000000000016c9      0x48e ./Core/Src/gpio.o
 .debug_info    0x0000000000001b57      0xa91 ./Core/Src/i2c.o
 .debug_info    0x00000000000025e8      0x1dc ./Core/Src/leds.o
 .debug_info    0x00000000000027c4      0xb9f ./Core/Src/main.o
 .debug_info    0x0000000000003363      0xd05 ./Core/Src/spi.o
 .debug_info    0x0000000000004068      0x2a8 ./Core/Src/stm32f4xx_hal_msp.o
 .debug_info    0x0000000000004310      0xad1 ./Core/Src/stm32f4xx_it.o
 .debug_info    0x0000000000004de1      0x523 ./Core/Src/system_stm32f4xx.o
 .debug_info    0x0000000000005304      0xf1a ./Core/Src/tim.o
 .debug_info    0x000000000000621e      0xa23 ./Core/Src/usart.o
 .debug_info    0x0000000000006c41       0x22 ./Core/Startup/startup_stm32f407vgtx.o
 .debug_info    0x0000000000006c63      0x97c ./Drivers/STM32F4xx_HAL_Driver/Src/stm32f4xx_hal.o
 .debug_info    0x00000000000075df      0xe1b ./Drivers/STM32F4xx_HAL_Driver/Src/stm32f4xx_hal_cortex.o
 .debug_info    0x00000000000083fa      0x94f ./Drivers/STM32F4xx_HAL_Driver/Src/stm32f4xx_hal_dma.o
 .debug_info    0x0000000000008d49      0x76a ./Drivers/STM32F4xx_HAL_Driver/Src/stm32f4xx_hal_gpio.o
 .debug_info    0x00000000000094b3     0x2609 ./Drivers/STM32F4xx_HAL_Driver/Src/stm32f4xx_hal_i2c.o
 .debug_info    0x000000000000babc      0x966 ./Drivers/STM32F4xx_HAL_Driver/Src/stm32f4xx_hal_rcc.o
 .debug_info    0x000000000000c422     0x1758 ./Drivers/STM32F4xx_HAL_Driver/Src/stm32f4xx_hal_spi.o
 .debug_info    0x000000000000db7a     0x2bbe ./Drivers/STM32F4xx_HAL_Driver/Src/stm32f4xx_hal_tim.o
 .debug_info    0x0000000000010738     0x15e0 ./Drivers/STM32F4xx_HAL_Driver/Src/stm32f4xx_hal_tim_ex.o
 .debug_info    0x0000000000011d18     0x31bc ./Drivers/STM32F4xx_HAL_Driver/Src/stm32f4xx_hal_uart.o

.debug_abbrev   0x0000000000000000     0x2e09
 .debug_abbrev  0x0000000000000000      0x295 ./Core/Src/ILI9341_Driver.o
 .debug_abbrev  0x0000000000000295      0x118 ./Core/Src/display_management.o
 .debug_abbrev  0x00000000000003ad      0x10a ./Core/Src/dma.o
 .debug_abbrev  0x00000000000004b7      0x146 ./Core/Src/gpio.o
 .debug_abbrev  0x00000000000005fd      0x1e0 ./Core/Src/i2c.o
 .debug_abbrev  0x00000000000007dd      0x101 ./Core/Src/leds.o
 .debug_abbrev  0x00000000000008de      0x242 ./Core/Src/main.o
 .debug_abbrev  0x0000000000000b20      0x211 ./Core/Src/spi.o
 .debug_abbrev  0x0000000000000d31       0xd4 ./Core/Src/stm32f4xx_hal_msp.o
 .debug_abbrev  0x0000000000000e05      0x207 ./Core/Src/stm32f4xx_it.o
 .debug_abbrev  0x000000000000100c      0x116 ./Core/Src/system_stm32f4xx.o
 .debug_abbrev  0x0000000000001122      0x247 ./Core/Src/tim.o
 .debug_abbrev  0x0000000000001369      0x1e7 ./Core/Src/usart.o
 .debug_abbrev  0x0000000000001550       0x12 ./Core/Startup/startup_stm32f407vgtx.o
 .debug_abbrev  0x0000000000001562      0x20d ./Drivers/STM32F4xx_HAL_Driver/Src/stm32f4xx_hal.o
 .debug_abbrev  0x000000000000176f      0x316 ./Drivers/STM32F4xx_HAL_Driver/Src/stm32f4xx_hal_cortex.o
 .debug_abbrev  0x0000000000001a85      0x25b ./Drivers/STM32F4xx_HAL_Driver/Src/stm32f4xx_hal_dma.o
 .debug_abbrev  0x0000000000001ce0      0x1c4 ./Drivers/STM32F4xx_HAL_Driver/Src/stm32f4xx_hal_gpio.o
 .debug_abbrev  0x0000000000001ea4      0x297 ./Drivers/STM32F4xx_HAL_Driver/Src/stm32f4xx_hal_i2c.o
 .debug_abbrev  0x000000000000213b      0x2aa ./Drivers/STM32F4xx_HAL_Driver/Src/stm32f4xx_hal_rcc.o
 .debug_abbrev  0x00000000000023e5      0x26e ./Drivers/STM32F4xx_HAL_Driver/Src/stm32f4xx_hal_spi.o
 .debug_abbrev  0x0000000000002653      0x25d ./Drivers/STM32F4xx_HAL_Driver/Src/stm32f4xx_hal_tim.o
 .debug_abbrev  0x00000000000028b0      0x265 ./Drivers/STM32F4xx_HAL_Driver/Src/stm32f4xx_hal_tim_ex.o
 .debug_abbrev  0x0000000000002b15      0x2f4 ./Drivers/STM32F4xx_HAL_Driver/Src/stm32f4xx_hal_uart.o

.debug_aranges  0x0000000000000000     0x1290
 .debug_aranges
                0x0000000000000000       0xc0 ./Core/Src/ILI9341_Driver.o
 .debug_aranges
                0x00000000000000c0       0x28 ./Core/Src/display_management.o
 .debug_aranges
                0x00000000000000e8       0x20 ./Core/Src/dma.o
 .debug_aranges
                0x0000000000000108       0x20 ./Core/Src/gpio.o
 .debug_aranges
                0x0000000000000128       0x38 ./Core/Src/i2c.o
 .debug_aranges
                0x0000000000000160       0x20 ./Core/Src/leds.o
 .debug_aranges
                0x0000000000000180       0x30 ./Core/Src/main.o
 .debug_aranges
                0x00000000000001b0       0x38 ./Core/Src/spi.o
 .debug_aranges
                0x00000000000001e8       0x20 ./Core/Src/stm32f4xx_hal_msp.o
 .debug_aranges
                0x0000000000000208       0x88 ./Core/Src/stm32f4xx_it.o
 .debug_aranges
                0x0000000000000290       0x28 ./Core/Src/system_stm32f4xx.o
 .debug_aranges
                0x00000000000002b8       0x58 ./Core/Src/tim.o
 .debug_aranges
                0x0000000000000310       0x38 ./Core/Src/usart.o
 .debug_aranges
                0x0000000000000348       0x28 ./Core/Startup/startup_stm32f407vgtx.o
 .debug_aranges
                0x0000000000000370       0xf0 ./Drivers/STM32F4xx_HAL_Driver/Src/stm32f4xx_hal.o
 .debug_aranges
                0x0000000000000460      0x118 ./Drivers/STM32F4xx_HAL_Driver/Src/stm32f4xx_hal_cortex.o
 .debug_aranges
                0x0000000000000578       0x90 ./Drivers/STM32F4xx_HAL_Driver/Src/stm32f4xx_hal_dma.o
 .debug_aranges
                0x0000000000000608       0x58 ./Drivers/STM32F4xx_HAL_Driver/Src/stm32f4xx_hal_gpio.o
 .debug_aranges
                0x0000000000000660      0x2a0 ./Drivers/STM32F4xx_HAL_Driver/Src/stm32f4xx_hal_i2c.o
 .debug_aranges
                0x0000000000000900       0x88 ./Drivers/STM32F4xx_HAL_Driver/Src/stm32f4xx_hal_rcc.o
 .debug_aranges
                0x0000000000000988      0x1d0 ./Drivers/STM32F4xx_HAL_Driver/Src/stm32f4xx_hal_spi.o
 .debug_aranges
                0x0000000000000b58      0x3d0 ./Drivers/STM32F4xx_HAL_Driver/Src/stm32f4xx_hal_tim.o
 .debug_aranges
                0x0000000000000f28      0x168 ./Drivers/STM32F4xx_HAL_Driver/Src/stm32f4xx_hal_tim_ex.o
 .debug_aranges
                0x0000000000001090      0x200 ./Drivers/STM32F4xx_HAL_Driver/Src/stm32f4xx_hal_uart.o

.debug_ranges   0x0000000000000000     0x1160
 .debug_ranges  0x0000000000000000       0xb0 ./Core/Src/ILI9341_Driver.o
 .debug_ranges  0x00000000000000b0       0x18 ./Core/Src/display_management.o
 .debug_ranges  0x00000000000000c8       0x10 ./Core/Src/dma.o
 .debug_ranges  0x00000000000000d8       0x10 ./Core/Src/gpio.o
 .debug_ranges  0x00000000000000e8       0x28 ./Core/Src/i2c.o
 .debug_ranges  0x0000000000000110       0x10 ./Core/Src/leds.o
 .debug_ranges  0x0000000000000120       0x20 ./Core/Src/main.o
 .debug_ranges  0x0000000000000140       0x28 ./Core/Src/spi.o
 .debug_ranges  0x0000000000000168       0x10 ./Core/Src/stm32f4xx_hal_msp.o
 .debug_ranges  0x0000000000000178       0x78 ./Core/Src/stm32f4xx_it.o
 .debug_ranges  0x00000000000001f0       0x18 ./Core/Src/system_stm32f4xx.o
 .debug_ranges  0x0000000000000208       0x48 ./Core/Src/tim.o
 .debug_ranges  0x0000000000000250       0x28 ./Core/Src/usart.o
 .debug_ranges  0x0000000000000278       0x20 ./Core/Startup/startup_stm32f407vgtx.o
 .debug_ranges  0x0000000000000298       0xe0 ./Drivers/STM32F4xx_HAL_Driver/Src/stm32f4xx_hal.o
 .debug_ranges  0x0000000000000378      0x108 ./Drivers/STM32F4xx_HAL_Driver/Src/stm32f4xx_hal_cortex.o
 .debug_ranges  0x0000000000000480       0x80 ./Drivers/STM32F4xx_HAL_Driver/Src/stm32f4xx_hal_dma.o
 .debug_ranges  0x0000000000000500       0x48 ./Drivers/STM32F4xx_HAL_Driver/Src/stm32f4xx_hal_gpio.o
 .debug_ranges  0x0000000000000548      0x2a8 ./Drivers/STM32F4xx_HAL_Driver/Src/stm32f4xx_hal_i2c.o
 .debug_ranges  0x00000000000007f0       0x78 ./Drivers/STM32F4xx_HAL_Driver/Src/stm32f4xx_hal_rcc.o
 .debug_ranges  0x0000000000000868      0x1c0 ./Drivers/STM32F4xx_HAL_Driver/Src/stm32f4xx_hal_spi.o
 .debug_ranges  0x0000000000000a28      0x3c0 ./Drivers/STM32F4xx_HAL_Driver/Src/stm32f4xx_hal_tim.o
 .debug_ranges  0x0000000000000de8      0x158 ./Drivers/STM32F4xx_HAL_Driver/Src/stm32f4xx_hal_tim_ex.o
 .debug_ranges  0x0000000000000f40      0x220 ./Drivers/STM32F4xx_HAL_Driver/Src/stm32f4xx_hal_uart.o

.debug_macro    0x0000000000000000    0x229cb
 .debug_macro   0x0000000000000000      0x2f0 ./Core/Src/ILI9341_Driver.o
 .debug_macro   0x00000000000002f0      0xa78 ./Core/Src/ILI9341_Driver.o
 .debug_macro   0x0000000000000d68      0x2a7 ./Core/Src/ILI9341_Driver.o
 .debug_macro   0x000000000000100f       0x2e ./Core/Src/ILI9341_Driver.o
 .debug_macro   0x000000000000103d       0x2f ./Core/Src/ILI9341_Driver.o
 .debug_macro   0x000000000000106c       0x22 ./Core/Src/ILI9341_Driver.o
 .debug_macro   0x000000000000108e       0x8e ./Core/Src/ILI9341_Driver.o
 .debug_macro   0x000000000000111c       0x51 ./Core/Src/ILI9341_Driver.o
 .debug_macro   0x000000000000116d      0x103 ./Core/Src/ILI9341_Driver.o
 .debug_macro   0x0000000000001270       0x6a ./Core/Src/ILI9341_Driver.o
 .debug_macro   0x00000000000012da      0x1df ./Core/Src/ILI9341_Driver.o
 .debug_macro   0x00000000000014b9       0x1c ./Core/Src/ILI9341_Driver.o
 .debug_macro   0x00000000000014d5       0x22 ./Core/Src/ILI9341_Driver.o
 .debug_macro   0x00000000000014f7       0xd9 ./Core/Src/ILI9341_Driver.o
 .debug_macro   0x00000000000015d0     0x102d ./Core/Src/ILI9341_Driver.o
 .debug_macro   0x00000000000025fd      0x11f ./Core/Src/ILI9341_Driver.o
 .debug_macro   0x000000000000271c    0x15e82 ./Core/Src/ILI9341_Driver.o
 .debug_macro   0x000000000001859e       0x6d ./Core/Src/ILI9341_Driver.o
 .debug_macro   0x000000000001860b     0x367e ./Core/Src/ILI9341_Driver.o
 .debug_macro   0x000000000001bc89      0x174 ./Core/Src/ILI9341_Driver.o
 .debug_macro   0x000000000001bdfd       0x5c ./Core/Src/ILI9341_Driver.o
 .debug_macro   0x000000000001be59      0x96b ./Core/Src/ILI9341_Driver.o
 .debug_macro   0x000000000001c7c4      0x9fe ./Core/Src/ILI9341_Driver.o
 .debug_macro   0x000000000001d1c2      0x115 ./Core/Src/ILI9341_Driver.o
 .debug_macro   0x000000000001d2d7      0x13e ./Core/Src/ILI9341_Driver.o
 .debug_macro   0x000000000001d415       0xa5 ./Core/Src/ILI9341_Driver.o
 .debug_macro   0x000000000001d4ba      0x174 ./Core/Src/ILI9341_Driver.o
 .debug_macro   0x000000000001d62e      0x287 ./Core/Src/ILI9341_Driver.o
 .debug_macro   0x000000000001d8b5       0x5f ./Core/Src/ILI9341_Driver.o
 .debug_macro   0x000000000001d914      0x236 ./Core/Src/ILI9341_Driver.o
 .debug_macro   0x000000000001db4a      0x12c ./Core/Src/ILI9341_Driver.o
 .debug_macro   0x000000000001dc76      0x21e ./Core/Src/ILI9341_Driver.o
 .debug_macro   0x000000000001de94       0x2e ./Core/Src/ILI9341_Driver.o
 .debug_macro   0x000000000001dec2      0x1b5 ./Core/Src/ILI9341_Driver.o
 .debug_macro   0x000000000001e077       0xd6 ./Core/Src/ILI9341_Driver.o
 .debug_macro   0x000000000001e14d      0x11a ./Core/Src/ILI9341_Driver.o
 .debug_macro   0x000000000001e267       0x7e ./Core/Src/ILI9341_Driver.o
 .debug_macro   0x000000000001e2e5       0x89 ./Core/Src/ILI9341_Driver.o
 .debug_macro   0x000000000001e36e      0x225 ./Core/Src/ILI9341_Driver.o
 .debug_macro   0x000000000001e593      0x8e6 ./Core/Src/ILI9341_Driver.o
 .debug_macro   0x000000000001ee79       0x47 ./Core/Src/ILI9341_Driver.o
 .debug_macro   0x000000000001eec0      0x295 ./Core/Src/ILI9341_Driver.o
 .debug_macro   0x000000000001f155      0x12d ./Core/Src/ILI9341_Driver.o
 .debug_macro   0x000000000001f282       0x1e ./Core/Src/ILI9341_Driver.o
 .debug_macro   0x000000000001f2a0       0x52 ./Core/Src/ILI9341_Driver.o
 .debug_macro   0x000000000001f2f2       0x3c ./Core/Src/ILI9341_Driver.o
 .debug_macro   0x000000000001f32e       0x34 ./Core/Src/ILI9341_Driver.o
 .debug_macro   0x000000000001f362       0x16 ./Core/Src/ILI9341_Driver.o
 .debug_macro   0x000000000001f378       0x35 ./Core/Src/ILI9341_Driver.o
 .debug_macro   0x000000000001f3ad       0x16 ./Core/Src/ILI9341_Driver.o
 .debug_macro   0x000000000001f3c3       0x43 ./Core/Src/ILI9341_Driver.o
 .debug_macro   0x000000000001f406       0x34 ./Core/Src/ILI9341_Driver.o
 .debug_macro   0x000000000001f43a       0x10 ./Core/Src/ILI9341_Driver.o
 .debug_macro   0x000000000001f44a       0x58 ./Core/Src/ILI9341_Driver.o
 .debug_macro   0x000000000001f4a2       0x71 ./Core/Src/ILI9341_Driver.o
 .debug_macro   0x000000000001f513       0x1c ./Core/Src/ILI9341_Driver.o
 .debug_macro   0x000000000001f52f      0x12a ./Core/Src/ILI9341_Driver.o
 .debug_macro   0x000000000001f659      0x341 ./Core/Src/ILI9341_Driver.o
 .debug_macro   0x000000000001f99a       0x16 ./Core/Src/ILI9341_Driver.o
 .debug_macro   0x000000000001f9b0       0x29 ./Core/Src/ILI9341_Driver.o
 .debug_macro   0x000000000001f9d9      0x166 ./Core/Src/ILI9341_Driver.o
 .debug_macro   0x000000000001fb3f       0xa6 ./Core/Src/ILI9341_Driver.o
 .debug_macro   0x000000000001fbe5      0x2e6 ./Core/Src/display_management.o
 .debug_macro   0x000000000001fecb      0x20b ./Core/Src/dma.o
 .debug_macro   0x00000000000200d6      0x20b ./Core/Src/gpio.o
 .debug_macro   0x00000000000202e1      0x20b ./Core/Src/i2c.o
 .debug_macro   0x00000000000204ec      0x20b ./Core/Src/leds.o
 .debug_macro   0x00000000000206f7      0x241 ./Core/Src/main.o
 .debug_macro   0x0000000000020938      0x20b ./Core/Src/spi.o
 .debug_macro   0x0000000000020b43      0x201 ./Core/Src/stm32f4xx_hal_msp.o
 .debug_macro   0x0000000000020d44      0x223 ./Core/Src/stm32f4xx_it.o
 .debug_macro   0x0000000000020f67      0x1f2 ./Core/Src/system_stm32f4xx.o
 .debug_macro   0x0000000000021159      0x20b ./Core/Src/tim.o
 .debug_macro   0x0000000000021364      0x20b ./Core/Src/usart.o
 .debug_macro   0x000000000002156f      0x252 ./Drivers/STM32F4xx_HAL_Driver/Src/stm32f4xx_hal.o
 .debug_macro   0x00000000000217c1      0x1f2 ./Drivers/STM32F4xx_HAL_Driver/Src/stm32f4xx_hal_cortex.o
 .debug_macro   0x00000000000219b3      0x1f8 ./Drivers/STM32F4xx_HAL_Driver/Src/stm32f4xx_hal_dma.o
 .debug_macro   0x0000000000021bab      0x1f8 ./Drivers/STM32F4xx_HAL_Driver/Src/stm32f4xx_hal_gpio.o
 .debug_macro   0x0000000000021da3      0x239 ./Drivers/STM32F4xx_HAL_Driver/Src/stm32f4xx_hal_i2c.o
 .debug_macro   0x0000000000021fdc      0x216 ./Drivers/STM32F4xx_HAL_Driver/Src/stm32f4xx_hal_rcc.o
 .debug_macro   0x00000000000221f2      0x201 ./Drivers/STM32F4xx_HAL_Driver/Src/stm32f4xx_hal_spi.o
 .debug_macro   0x00000000000223f3      0x1f3 ./Drivers/STM32F4xx_HAL_Driver/Src/stm32f4xx_hal_tim.o
 .debug_macro   0x00000000000225e6      0x1f2 ./Drivers/STM32F4xx_HAL_Driver/Src/stm32f4xx_hal_tim_ex.o
 .debug_macro   0x00000000000227d8      0x1f3 ./Drivers/STM32F4xx_HAL_Driver/Src/stm32f4xx_hal_uart.o

.debug_line     0x0000000000000000    0x17e21
 .debug_line    0x0000000000000000     0x1066 ./Core/Src/ILI9341_Driver.o
 .debug_line    0x0000000000001066      0x8b5 ./Core/Src/display_management.o
 .debug_line    0x000000000000191b      0x6ff ./Core/Src/dma.o
 .debug_line    0x000000000000201a      0x752 ./Core/Src/gpio.o
 .debug_line    0x000000000000276c      0x7ea ./Core/Src/i2c.o
 .debug_line    0x0000000000002f56      0x723 ./Core/Src/leds.o
 .debug_line    0x0000000000003679      0x7b8 ./Core/Src/main.o
 .debug_line    0x0000000000003e31      0x816 ./Core/Src/spi.o
 .debug_line    0x0000000000004647      0x703 ./Core/Src/stm32f4xx_hal_msp.o
 .debug_line    0x0000000000004d4a      0x874 ./Core/Src/stm32f4xx_it.o
 .debug_line    0x00000000000055be      0x785 ./Core/Src/system_stm32f4xx.o
 .debug_line    0x0000000000005d43      0x869 ./Core/Src/tim.o
 .debug_line    0x00000000000065ac      0x7e7 ./Core/Src/usart.o
 .debug_line    0x0000000000006d93       0x88 ./Core/Startup/startup_stm32f407vgtx.o
 .debug_line    0x0000000000006e1b      0x9eb ./Drivers/STM32F4xx_HAL_Driver/Src/stm32f4xx_hal.o
 .debug_line    0x0000000000007806      0xc9a ./Drivers/STM32F4xx_HAL_Driver/Src/stm32f4xx_hal_cortex.o
 .debug_line    0x00000000000084a0      0xf4f ./Drivers/STM32F4xx_HAL_Driver/Src/stm32f4xx_hal_dma.o
 .debug_line    0x00000000000093ef      0xb5f ./Drivers/STM32F4xx_HAL_Driver/Src/stm32f4xx_hal_gpio.o
 .debug_line    0x0000000000009f4e     0x39a0 ./Drivers/STM32F4xx_HAL_Driver/Src/stm32f4xx_hal_i2c.o
 .debug_line    0x000000000000d8ee      0xd67 ./Drivers/STM32F4xx_HAL_Driver/Src/stm32f4xx_hal_rcc.o
 .debug_line    0x000000000000e655     0x1c75 ./Drivers/STM32F4xx_HAL_Driver/Src/stm32f4xx_hal_spi.o
 .debug_line    0x00000000000102ca     0x36df ./Drivers/STM32F4xx_HAL_Driver/Src/stm32f4xx_hal_tim.o
 .debug_line    0x00000000000139a9     0x19e8 ./Drivers/STM32F4xx_HAL_Driver/Src/stm32f4xx_hal_tim_ex.o
 .debug_line    0x0000000000015391     0x2a90 ./Drivers/STM32F4xx_HAL_Driver/Src/stm32f4xx_hal_uart.o

.debug_str      0x0000000000000000    0xced59
 .debug_str     0x0000000000000000    0xca0a1 ./Core/Src/ILI9341_Driver.o
                                      0xca3aa (size before relaxing)
 .debug_str     0x00000000000ca0a1       0x69 ./Core/Src/display_management.o
                                      0xc9d44 (size before relaxing)
 .debug_str     0x00000000000ca10a      0x62a ./Core/Src/dma.o
                                      0xc70ad (size before relaxing)
 .debug_str     0x00000000000ca734       0x6a ./Core/Src/gpio.o
                                      0xc6c5b (size before relaxing)
 .debug_str     0x00000000000ca79e      0x2ec ./Core/Src/i2c.o
                                      0xc719d (size before relaxing)
 .debug_str     0x00000000000caa8a       0x3e ./Core/Src/leds.o
                                      0xc6b33 (size before relaxing)
 .debug_str     0x00000000000caac8      0x487 ./Core/Src/main.o
                                      0xc737f (size before relaxing)
 .debug_str     0x00000000000caf4f       0x8e ./Core/Src/spi.o
                                      0xc7657 (size before relaxing)
 .debug_str     0x00000000000cafdd       0x2c ./Core/Src/stm32f4xx_hal_msp.o
                                      0xc6b90 (size before relaxing)
 .debug_str     0x00000000000cb009      0x192 ./Core/Src/stm32f4xx_it.o
                                      0xc7373 (size before relaxing)
 .debug_str     0x00000000000cb19b       0xdb ./Core/Src/system_stm32f4xx.o
                                      0xc664f (size before relaxing)
 .debug_str     0x00000000000cb276      0x1bb ./Core/Src/tim.o
                                      0xc7898 (size before relaxing)
 .debug_str     0x00000000000cb431      0x1cf ./Core/Src/usart.o
                                      0xc7105 (size before relaxing)
 .debug_str     0x00000000000cb600       0x36 ./Core/Startup/startup_stm32f407vgtx.o
                                         0x5e (size before relaxing)
 .debug_str     0x00000000000cb636      0x603 ./Drivers/STM32F4xx_HAL_Driver/Src/stm32f4xx_hal.o
                                      0xc71d3 (size before relaxing)
 .debug_str     0x00000000000cbc39      0x327 ./Drivers/STM32F4xx_HAL_Driver/Src/stm32f4xx_hal_cortex.o
                                      0xc6f06 (size before relaxing)
 .debug_str     0x00000000000cbf60      0x2e6 ./Drivers/STM32F4xx_HAL_Driver/Src/stm32f4xx_hal_dma.o
                                      0xc6a69 (size before relaxing)
 .debug_str     0x00000000000cc246      0x121 ./Drivers/STM32F4xx_HAL_Driver/Src/stm32f4xx_hal_gpio.o
                                      0xc67ca (size before relaxing)
 .debug_str     0x00000000000cc367      0xacb ./Drivers/STM32F4xx_HAL_Driver/Src/stm32f4xx_hal_i2c.o
                                      0xc761a (size before relaxing)
 .debug_str     0x00000000000cce32      0x213 ./Drivers/STM32F4xx_HAL_Driver/Src/stm32f4xx_hal_rcc.o
                                      0xc6a83 (size before relaxing)
 .debug_str     0x00000000000cd045      0x533 ./Drivers/STM32F4xx_HAL_Driver/Src/stm32f4xx_hal_spi.o
                                      0xc6f13 (size before relaxing)
 .debug_str     0x00000000000cd578      0xd5a ./Drivers/STM32F4xx_HAL_Driver/Src/stm32f4xx_hal_tim.o
                                      0xc79c9 (size before relaxing)
 .debug_str     0x00000000000ce2d2      0x493 ./Drivers/STM32F4xx_HAL_Driver/Src/stm32f4xx_hal_tim_ex.o
                                      0xc71e5 (size before relaxing)
 .debug_str     0x00000000000ce765      0x5f4 ./Drivers/STM32F4xx_HAL_Driver/Src/stm32f4xx_hal_uart.o
                                      0xc7022 (size before relaxing)

.comment        0x0000000000000000       0x50
 .comment       0x0000000000000000       0x50 ./Core/Src/ILI9341_Driver.o
                                         0x51 (size before relaxing)
 .comment       0x0000000000000050       0x51 ./Core/Src/display_management.o
 .comment       0x0000000000000050       0x51 ./Core/Src/dma.o
 .comment       0x0000000000000050       0x51 ./Core/Src/gpio.o
 .comment       0x0000000000000050       0x51 ./Core/Src/i2c.o
 .comment       0x0000000000000050       0x51 ./Core/Src/leds.o
 .comment       0x0000000000000050       0x51 ./Core/Src/main.o
 .comment       0x0000000000000050       0x51 ./Core/Src/spi.o
 .comment       0x0000000000000050       0x51 ./Core/Src/stm32f4xx_hal_msp.o
 .comment       0x0000000000000050       0x51 ./Core/Src/stm32f4xx_it.o
 .comment       0x0000000000000050       0x51 ./Core/Src/system_stm32f4xx.o
 .comment       0x0000000000000050       0x51 ./Core/Src/tim.o
 .comment       0x0000000000000050       0x51 ./Core/Src/usart.o
 .comment       0x0000000000000050       0x51 ./Drivers/STM32F4xx_HAL_Driver/Src/stm32f4xx_hal.o
 .comment       0x0000000000000050       0x51 ./Drivers/STM32F4xx_HAL_Driver/Src/stm32f4xx_hal_cortex.o
 .comment       0x0000000000000050       0x51 ./Drivers/STM32F4xx_HAL_Driver/Src/stm32f4xx_hal_dma.o
 .comment       0x0000000000000050       0x51 ./Drivers/STM32F4xx_HAL_Driver/Src/stm32f4xx_hal_gpio.o
 .comment       0x0000000000000050       0x51 ./Drivers/STM32F4xx_HAL_Driver/Src/stm32f4xx_hal_i2c.o
 .comment       0x0000000000000050       0x51 ./Drivers/STM32F4xx_HAL_Driver/Src/stm32f4xx_hal_rcc.o
 .comment       0x0000000000000050       0x51 ./Drivers/STM32F4xx_HAL_Driver/Src/stm32f4xx_hal_spi.o
 .comment       0x0000000000000050       0x51 ./Drivers/STM32F4xx_HAL_Driver/Src/stm32f4xx_hal_tim.o
 .comment       0x0000000000000050       0x51 ./Drivers/STM32F4xx_HAL_Driver/Src/stm32f4xx_hal_tim_ex.o
 .comment       0x0000000000000050       0x51 ./Drivers/STM32F4xx_HAL_Driver/Src/stm32f4xx_hal_uart.o

.debug_frame    0x0000000000000000     0x4db4
 .debug_frame   0x0000000000000000      0x2f0 ./Core/Src/ILI9341_Driver.o
 .debug_frame   0x00000000000002f0       0x58 ./Core/Src/display_management.o
 .debug_frame   0x0000000000000348       0x34 ./Core/Src/dma.o
 .debug_frame   0x000000000000037c       0x34 ./Core/Src/gpio.o
 .debug_frame   0x00000000000003b0       0x90 ./Core/Src/i2c.o
 .debug_frame   0x0000000000000440       0x2c ./Core/Src/leds.o
 .debug_frame   0x000000000000046c       0x68 ./Core/Src/main.o
 .debug_frame   0x00000000000004d4       0x90 ./Core/Src/spi.o
 .debug_frame   0x0000000000000564       0x38 ./Core/Src/stm32f4xx_hal_msp.o
 .debug_frame   0x000000000000059c      0x198 ./Core/Src/stm32f4xx_it.o
 .debug_frame   0x0000000000000734       0x58 ./Core/Src/system_stm32f4xx.o
 .debug_frame   0x000000000000078c      0x128 ./Core/Src/tim.o
 .debug_frame   0x00000000000008b4       0x90 ./Core/Src/usart.o
 .debug_frame   0x0000000000000944      0x374 ./Drivers/STM32F4xx_HAL_Driver/Src/stm32f4xx_hal.o
 .debug_frame   0x0000000000000cb8      0x498 ./Drivers/STM32F4xx_HAL_Driver/Src/stm32f4xx_hal_cortex.o
 .debug_frame   0x0000000000001150      0x250 ./Drivers/STM32F4xx_HAL_Driver/Src/stm32f4xx_hal_dma.o
 .debug_frame   0x00000000000013a0      0x14c ./Drivers/STM32F4xx_HAL_Driver/Src/stm32f4xx_hal_gpio.o
 .debug_frame   0x00000000000014ec      0xc5c ./Drivers/STM32F4xx_HAL_Driver/Src/stm32f4xx_hal_i2c.o
 .debug_frame   0x0000000000002148      0x1f4 ./Drivers/STM32F4xx_HAL_Driver/Src/stm32f4xx_hal_rcc.o
 .debug_frame   0x000000000000233c      0x824 ./Drivers/STM32F4xx_HAL_Driver/Src/stm32f4xx_hal_spi.o
 .debug_frame   0x0000000000002b60     0x11c4 ./Drivers/STM32F4xx_HAL_Driver/Src/stm32f4xx_hal_tim.o
 .debug_frame   0x0000000000003d24      0x638 ./Drivers/STM32F4xx_HAL_Driver/Src/stm32f4xx_hal_tim_ex.o
 .debug_frame   0x000000000000435c      0x92c ./Drivers/STM32F4xx_HAL_Driver/Src/stm32f4xx_hal_uart.o
 .debug_frame   0x0000000000004c88       0x2c c:/st/stm32cubeide_1.10.1/stm32cubeide/plugins/com.st.stm32cube.ide.mcu.externaltools.gnu-tools-for-stm32.10.3-2021.10.win32_1.0.0.202111181127/tools/bin/../lib/gcc/arm-none-eabi/10.3.1/../../../../arm-none-eabi/lib/thumb/v7e-m+fp/hard\libc_nano.a(lib_a-init.o)
 .debug_frame   0x0000000000004cb4       0x38 c:/st/stm32cubeide_1.10.1/stm32cubeide/plugins/com.st.stm32cube.ide.mcu.externaltools.gnu-tools-for-stm32.10.3-2021.10.win32_1.0.0.202111181127/tools/bin/../lib/gcc/arm-none-eabi/10.3.1/../../../../arm-none-eabi/lib/thumb/v7e-m+fp/hard\libc_nano.a(lib_a-itoa.o)
 .debug_frame   0x0000000000004cec       0x20 c:/st/stm32cubeide_1.10.1/stm32cubeide/plugins/com.st.stm32cube.ide.mcu.externaltools.gnu-tools-for-stm32.10.3-2021.10.win32_1.0.0.202111181127/tools/bin/../lib/gcc/arm-none-eabi/10.3.1/../../../../arm-none-eabi/lib/thumb/v7e-m+fp/hard\libc_nano.a(lib_a-memset.o)
 .debug_frame   0x0000000000004d0c       0x48 c:/st/stm32cubeide_1.10.1/stm32cubeide/plugins/com.st.stm32cube.ide.mcu.externaltools.gnu-tools-for-stm32.10.3-2021.10.win32_1.0.0.202111181127/tools/bin/../lib/gcc/arm-none-eabi/10.3.1/../../../../arm-none-eabi/lib/thumb/v7e-m+fp/hard\libc_nano.a(lib_a-utoa.o)
 .debug_frame   0x0000000000004d54       0x2c c:/st/stm32cubeide_1.10.1/stm32cubeide/plugins/com.st.stm32cube.ide.mcu.externaltools.gnu-tools-for-stm32.10.3-2021.10.win32_1.0.0.202111181127/tools/bin/../lib/gcc/arm-none-eabi/10.3.1/thumb/v7e-m+fp/hard\libgcc.a(_aeabi_uldivmod.o)
 .debug_frame   0x0000000000004d80       0x34 c:/st/stm32cubeide_1.10.1/stm32cubeide/plugins/com.st.stm32cube.ide.mcu.externaltools.gnu-tools-for-stm32.10.3-2021.10.win32_1.0.0.202111181127/tools/bin/../lib/gcc/arm-none-eabi/10.3.1/thumb/v7e-m+fp/hard\libgcc.a(_udivmoddi4.o)
