../Core/Src/display_management.c:18:6:Display_clear_screen	16	static
../Core/Src/display_management.c:24:6:Display_booting_screen	16	static
../Core/Src/display_management.c:37:6:Display_main_screen_background	16	static
../Core/Src/display_management.c:74:6:Display_main_screen_data	72	static
../Core/Src/display_management.c:105:6:Display_station_list_background	16	static
../Core/Src/display_management.c:143:6:Display_stations_list_data	88	static
../Core/Src/display_management.c:171:6:Display_scanning_screen_background	16	static
../Core/Src/display_management.c:202:6:Display_scanning_screen_data	4	static
../Core/Src/display_management.c:207:6:Display_dab_digrad_status_background	16	static
../Core/Src/display_management.c:256:6:Display_dab_digrad_status_data	32	static
../Core/Src/display_management.c:374:6:Display_settings_screen	16	static
../Core/Src/display_management.c:420:6:Display_time	24	static
../Core/Src/display_management.c:448:6:Display_show_station	24	static
../Core/Src/display_management.c:461:6:Display_hide_station	16	static
../Core/Src/display_management.c:493:6:Display_show_empty_station	16	static
