../Core/Src/display_management.c:19:6:Display_clear_screen	16	static
../Core/Src/display_management.c:25:6:Display_booting_screen	16	static
../Core/Src/display_management.c:38:6:Display_main_screen_background	16	static
../Core/Src/display_management.c:75:6:Display_main_screen_data	32	static
../Core/Src/display_management.c:128:6:Display_main_screen_dls	32	static
../Core/Src/display_management.c:145:6:Display_main_screen_empty	16	static
../Core/Src/display_management.c:174:6:Display_stations_list_background	16	static
../Core/Src/display_management.c:208:6:Display_stations_list_data	40	static
../Core/Src/display_management.c:251:6:Display_scanning_screen_background	16	static
../Core/Src/display_management.c:293:6:Display_scanning_screen_data	16	static
../Core/Src/display_management.c:321:6:Display_scanning_screen_complete	16	static
../Core/Src/display_management.c:333:6:Display_dab_digrad_status_background	16	static
../Core/Src/display_management.c:382:6:Display_dab_digrad_status_data	32	static
../Core/Src/display_management.c:500:6:Display_settings_screen_background	16	static
../Core/Src/display_management.c:537:6:Display_settings_screen_data	40	static
../Core/Src/display_management.c:547:6:Display_time	24	static
../Core/Src/display_management.c:578:6:Display_show_station	24	static
../Core/Src/display_management.c:591:6:Display_hide_station	16	static
../Core/Src/display_management.c:623:6:Display_show_empty_station	16	static
