../Core/Src/display_management.c:18:6:Display_clear_screen	16	static
../Core/Src/display_management.c:24:6:Display_booting_screen	16	static
../Core/Src/display_management.c:37:6:Display_main_screen_background	16	static
../Core/Src/display_management.c:74:6:Display_main_screen_data	32	static
../Core/Src/display_management.c:126:6:Display_main_screen_empty	16	static
../Core/Src/display_management.c:155:6:Display_stations_list_background	16	static
../Core/Src/display_management.c:189:6:Display_stations_list_data	40	static
../Core/Src/display_management.c:232:6:Display_scanning_screen_background	16	static
../Core/Src/display_management.c:274:6:Display_scanning_screen_data	16	static
../Core/Src/display_management.c:302:6:Display_scanning_screen_complete	16	static
../Core/Src/display_management.c:314:6:Display_dab_digrad_status_background	16	static
../Core/Src/display_management.c:363:6:Display_dab_digrad_status_data	32	static
../Core/Src/display_management.c:481:6:Display_settings_screen_background	16	static
../Core/Src/display_management.c:518:6:Display_settings_screen_data	40	static
../Core/Src/display_management.c:528:6:Display_time	24	static
../Core/Src/display_management.c:559:6:Display_show_station	24	static
../Core/Src/display_management.c:572:6:Display_hide_station	16	static
../Core/Src/display_management.c:604:6:Display_show_empty_station	16	static
