../Core/Src/ILI9341_Driver.c:21:6:ILI9341_Init	8	static
../Core/Src/ILI9341_Driver.c:178:6:ILI9341_SPI_Send	16	static
../Core/Src/ILI9341_Driver.c:185:6:ILI9341_SPI_Send_Multiple	16	static
../Core/Src/ILI9341_Driver.c:192:6:ILI9341_Reset	8	static
../Core/Src/ILI9341_Driver.c:202:6:ILI9341_Set_Rotation	16	static
../Core/Src/ILI9341_Driver.c:228:6:ILI9341_SPI_Send_32	16	static
../Core/Src/ILI9341_Driver.c:241:6:ILI9341_Set_Address	32	static
../Core/Src/ILI9341_Driver.c:253:6:ILI9341_Fill_Screen	16	static
../Core/Src/ILI9341_Driver.c:259:6:ILI9341_Draw_Pixel	24	static
../Core/Src/ILI9341_Driver.c:273:6:ILI9341_Draw_Filled_Rectangle	24	static
../Core/Src/ILI9341_Driver.c:279:6:ILI9341_Draw_Empty_Rectangle	32	static
../Core/Src/ILI9341_Driver.c:287:6:ILI9341_Draw_Line	56	static
../Core/Src/ILI9341_Driver.c:335:6:ILI9341_Draw_Circle	72	static
../Core/Src/ILI9341_Driver.c:420:6:ILI9341_Draw_String	32	static
../Core/Src/ILI9341_Driver.c:473:13:ILI9341_Send_Command	16	static
../Core/Src/ILI9341_Driver.c:478:13:ILI9341_Send_Data	16	static
../Core/Src/ILI9341_Driver.c:483:13:ILI9341_Send_Burst	24	static
../Core/Src/ILI9341_Driver.c:539:6:ILI9341_Draw_Double_Pixel	24	static
../Core/Src/ILI9341_Driver.c:553:13:ILI9341_Draw_Char	32	static
../Core/Src/ILI9341_Driver.c:633:13:Before_Sending_Data	8	static
../Core/Src/ILI9341_Driver.c:638:13:Before_Sending_Command	8	static
