../Core/Src/ILI9341_Driver.c:22:6:ILI9341_Init	8	static
../Core/Src/ILI9341_Driver.c:179:6:ILI9341_SPI_Send	16	static
../Core/Src/ILI9341_Driver.c:186:6:ILI9341_SPI_Send_Multiple	16	static
../Core/Src/ILI9341_Driver.c:193:6:ILI9341_Reset	8	static
../Core/Src/ILI9341_Driver.c:203:6:ILI9341_Set_Rotation	16	static
../Core/Src/ILI9341_Driver.c:229:6:ILI9341_SPI_Send_32	16	static
../Core/Src/ILI9341_Driver.c:242:6:ILI9341_Set_Address	32	static
../Core/Src/ILI9341_Driver.c:254:6:ILI9341_Fill_Screen	16	static
../Core/Src/ILI9341_Driver.c:260:6:ILI9341_Draw_Pixel	24	static
../Core/Src/ILI9341_Driver.c:274:6:ILI9341_Draw_Filled_Rectangle	24	static
../Core/Src/ILI9341_Driver.c:280:6:ILI9341_Draw_Empty_Rectangle	32	static
../Core/Src/ILI9341_Driver.c:288:6:ILI9341_Draw_Line	56	static
../Core/Src/ILI9341_Driver.c:336:6:ILI9341_Draw_Circle	72	static
../Core/Src/ILI9341_Driver.c:421:6:ILI9341_Draw_String	32	static
../Core/Src/ILI9341_Driver.c:474:13:ILI9341_Send_Command	16	static
../Core/Src/ILI9341_Driver.c:479:13:ILI9341_Send_Data	16	static
../Core/Src/ILI9341_Driver.c:484:13:ILI9341_Send_Burst	24	static
../Core/Src/ILI9341_Driver.c:540:6:ILI9341_Draw_Double_Pixel	24	static
../Core/Src/ILI9341_Driver.c:554:13:ILI9341_Draw_Char	32	static
../Core/Src/ILI9341_Driver.c:634:13:Before_Sending_Data	8	static
../Core/Src/ILI9341_Driver.c:639:13:Before_Sending_Command	8	static
