../Core/Src/Si468x.c:24:6:Si468x_init	8	static
../Core/Src/Si468x.c:39:6:Si468x_reset	8	static
../Core/Src/Si468x.c:47:6:Si468x_disable	8	static
../Core/Src/Si468x.c:52:6:Si468x_power_up	8	static
../Core/Src/Si468x.c:77:6:Si468x_load_init	8	static
../Core/Src/Si468x.c:89:6:Si468x_bootloader_load_host	16	static
../Core/Src/Si468x.c:119:6:Si468x_firmware_load_flash	8	static
../Core/Src/Si468x.c:141:6:Si468x_boot	8	static
../Core/Src/Si468x.c:153:6:Si468x_write_single_byte	16	static
../Core/Src/Si468x.c:158:9:Si468x_read_single_byte	16	static
../Core/Src/Si468x.c:165:13:Si468x_wait_for_CTS	24	static
../Core/Src/Si468x.c:189:6:Si468x_write_multiple	24	static
../Core/Src/Si468x.c:200:6:Si468x_read_multiple	32	static
../Core/Src/Si468x.c:214:13:Si468x_write_command	24	static
../Core/Src/Si468x.c:227:13:Si468x_read_reply	16	static
../Core/Src/Si468x.c:233:9:get_rx_buffer	16	static
../Core/Src/Si468x.c:238:6:Si468x_get_sys_state	8	static
../Core/Src/Si468x.c:250:6:Si468x_get_part_info	8	static
