../Core/Src/Si468x.c:28:6:Si468x_init	8	static
../Core/Src/Si468x.c:53:6:Si468x_reset	8	static
../Core/Src/Si468x.c:62:6:Si468x_disable	8	static
../Core/Src/Si468x.c:67:6:Si468x_power_up	8	static
../Core/Src/Si468x.c:93:6:Si468x_load_init	8	static
../Core/Src/Si468x.c:104:6:Si468x_bootloader_load_host	16	static
../Core/Src/Si468x.c:131:6:Si468x_firmware_load_flash	16	static
../Core/Src/Si468x.c:167:6:Si468x_boot	8	static
../Core/Src/Si468x.c:186:6:Si468x_write_single_byte	16	static
../Core/Src/Si468x.c:191:9:Si468x_read_single_byte	16	static
../Core/Src/Si468x.c:198:13:Si468x_wait_for_CTS	24	static
../Core/Src/Si468x.c:224:6:Si468x_write_multiple	24	static
../Core/Src/Si468x.c:235:6:Si468x_read_multiple	32	static
../Core/Src/Si468x.c:249:13:Si468x_write_command	24	static
../Core/Src/Si468x.c:263:13:Si468x_read_reply	16	static
../Core/Src/Si468x.c:269:9:get_rx_buffer	16	static
../Core/Src/Si468x.c:274:6:Si468x_get_sys_state	8	static
../Core/Src/Si468x.c:324:6:Si468x_get_part_info	16	static
../Core/Src/Si468x.c:343:6:Si468x_set_property	24	static
../Core/Src/Si468x.c:372:10:Si468x_get_property	16	static
../Core/Src/Si468x.c:392:6:Si468x_dab_get_freq_list	16	static
../Core/Src/Si468x.c:432:6:Si468x_dab_tune_freq	16	static
