../Core/Src/Si468x.c:55:6:Si468x_init	8	static
../Core/Src/Si468x.c:108:6:Si468x_reset	8	static
../Core/Src/Si468x.c:117:6:Si468x_disable	8	static
../Core/Src/Si468x.c:122:6:Si468x_power_up	8	static
../Core/Src/Si468x.c:148:6:Si468x_load_init	8	static
../Core/Src/Si468x.c:159:6:Si468x_bootloader_load_host	16	static
../Core/Src/Si468x.c:186:6:Si468x_firmware_load_flash	16	static
../Core/Src/Si468x.c:222:6:Si468x_boot	8	static
../Core/Src/Si468x.c:241:6:Si468x_write_single_byte	16	static
../Core/Src/Si468x.c:246:9:Si468x_read_single_byte	16	static
../Core/Src/Si468x.c:253:13:Si468x_wait_for_CTS	24	static
../Core/Src/Si468x.c:273:6:Si468x_write_multiple	24	static
../Core/Src/Si468x.c:284:6:Si468x_read_multiple	32	static
../Core/Src/Si468x.c:298:13:Si468x_write_command	24	static
../Core/Src/Si468x.c:312:13:Si468x_read_reply	16	static
../Core/Src/Si468x.c:321:9:get_rx_buffer	16	static
../Core/Src/Si468x.c:326:6:Si468x_get_sys_state	8	static
../Core/Src/Si468x.c:376:6:Si468x_get_part_info	16	static
../Core/Src/Si468x.c:395:6:Si468x_set_property	24	static
../Core/Src/Si468x.c:423:10:Si468x_get_property	16	static
../Core/Src/Si468x.c:443:6:Si468x_dab_get_freq_list	16	static
../Core/Src/Si468x.c:483:6:Si468x_dab_tune_freq	24	static
../Core/Src/Si468x.c:525:6:Si468x_dab_reset_interrupts	8	static
../Core/Src/Si468x.c:543:6:Si468x_dab_digrad_status	48	static
../Core/Src/Si468x.c:564:6:Si468x_dab_get_digital_service_list	24	static
../Core/Src/Si468x.c:654:6:Si468x_dab_start_digital_service	16	static
../Core/Src/Si468x.c:686:9:Si468x_dab_get_ensemble_info	24	static
../Core/Src/Si468x.c:737:6:Si468x_dab_full_scan	16	static
../Core/Src/Si468x.c:904:6:Si468x_dab_get_audio_info	56	static
../Core/Src/Si468x.c:950:6:Si468x_dab_get_event_status	8	static
../Core/Src/Si468x.c:963:6:Si468x_dab_get_component_info	40	static
../Core/Src/Si468x.c:1013:6:Si468x_dab_test_get_ber_info	48	static
../Core/Src/Si468x.c:1029:6:Si468x_dab_get_time	8	static
../Core/Src/Si468x.c:1067:6:Si468x_play_station	16	static
