../Core/Src/Si468x.c:59:6:Si468x_dab_init	8	static
../Core/Src/Si468x.c:86:6:Si468x_reset	8	static
../Core/Src/Si468x.c:95:6:Si468x_disable	8	static
../Core/Src/Si468x.c:100:6:Si468x_power_up	8	static
../Core/Src/Si468x.c:126:6:Si468x_load_init	8	static
../Core/Src/Si468x.c:137:6:Si468x_bootloader_load_host	16	static
../Core/Src/Si468x.c:164:6:Si468x_firmware_load_flash	16	static
../Core/Src/Si468x.c:200:6:Si468x_boot	8	static
../Core/Src/Si468x.c:219:6:Si468x_write_single_byte	16	static
../Core/Src/Si468x.c:224:9:Si468x_read_single_byte	16	static
../Core/Src/Si468x.c:231:13:Si468x_wait_for_CTS	24	static
../Core/Src/Si468x.c:251:6:Si468x_write_multiple	24	static
../Core/Src/Si468x.c:262:6:Si468x_read_multiple	32	static
../Core/Src/Si468x.c:276:13:Si468x_write_command	24	static
../Core/Src/Si468x.c:290:13:Si468x_read_reply	16	static
../Core/Src/Si468x.c:299:9:get_rx_buffer	16	static
../Core/Src/Si468x.c:304:6:Si468x_get_sys_state	8	static
../Core/Src/Si468x.c:354:6:Si468x_get_part_info	16	static
../Core/Src/Si468x.c:373:6:Si468x_set_property	24	static
../Core/Src/Si468x.c:401:10:Si468x_get_property	16	static
../Core/Src/Si468x.c:421:6:Si468x_dab_get_freq_list	16	static
../Core/Src/Si468x.c:474:6:Si468x_dab_tune_freq	24	static
../Core/Src/Si468x.c:516:6:Si468x_dab_reset_interrupts	8	static
../Core/Src/Si468x.c:534:6:Si468x_dab_digrad_status	48	static
../Core/Src/Si468x.c:558:6:Si468x_dab_get_digital_service_list	24	static
../Core/Src/Si468x.c:648:6:Si468x_dab_start_digital_service	16	static
../Core/Src/Si468x.c:680:9:Si468x_dab_get_ensemble_info	24	static
../Core/Src/Si468x.c:731:6:Si468x_dab_full_scan	16	static
../Core/Src/Si468x.c:910:6:Si468x_dab_get_audio_info	56	static
../Core/Src/Si468x.c:956:6:Si468x_dab_get_event_status	8	static
../Core/Src/Si468x.c:969:6:Si468x_dab_get_component_info	40	static
../Core/Src/Si468x.c:1019:6:Si468x_dab_test_get_ber_info	48	static
../Core/Src/Si468x.c:1035:6:Si468x_dab_get_time	8	static
../Core/Src/Si468x.c:1072:6:play_station	16	static
../Core/Src/Si468x.c:1124:6:restore_from_eeprom	32	static
