../Core/Src/Si468x.c:56:6:Si468x_dab_init	8	static
../Core/Src/Si468x.c:84:6:Si468x_reset	8	static
../Core/Src/Si468x.c:93:6:Si468x_disable	8	static
../Core/Src/Si468x.c:98:6:Si468x_power_up	8	static
../Core/Src/Si468x.c:124:6:Si468x_load_init	8	static
../Core/Src/Si468x.c:135:6:Si468x_bootloader_load_host	16	static
../Core/Src/Si468x.c:162:6:Si468x_firmware_load_flash	16	static
../Core/Src/Si468x.c:198:6:Si468x_boot	8	static
../Core/Src/Si468x.c:217:6:Si468x_write_single_byte	16	static
../Core/Src/Si468x.c:222:9:Si468x_read_single_byte	16	static
../Core/Src/Si468x.c:229:13:Si468x_wait_for_CTS	24	static
../Core/Src/Si468x.c:249:6:Si468x_write_multiple	24	static
../Core/Src/Si468x.c:260:6:Si468x_read_multiple	32	static
../Core/Src/Si468x.c:274:13:Si468x_write_command	24	static
../Core/Src/Si468x.c:288:13:Si468x_read_reply	16	static
../Core/Src/Si468x.c:297:6:Si468x_get_sys_state	8	static
../Core/Src/Si468x.c:347:6:Si468x_get_part_info	16	static
../Core/Src/Si468x.c:366:6:Si468x_set_property	24	static
../Core/Src/Si468x.c:394:10:Si468x_get_property	16	static
../Core/Src/Si468x.c:414:6:Si468x_dab_get_freq_list	16	static
../Core/Src/Si468x.c:467:6:Si468x_dab_tune_freq	24	static
../Core/Src/Si468x.c:509:6:Si468x_dab_reset_interrupts	8	static
../Core/Src/Si468x.c:527:21:Si468x_dab_digrad_status	24	static
../Core/Src/Si468x.c:552:6:Si468x_dab_get_digital_service_list	48	static
../Core/Src/Si468x.c:658:6:Si468x_dab_start_digital_service	16	static
../Core/Src/Si468x.c:690:9:Si468x_dab_get_ensemble_info	24	static
../Core/Src/Si468x.c:741:9:Si468x_dab_full_scan	120	static
../Core/Src/Si468x.c:944:18:Si468x_dab_get_audio_info	24	static
../Core/Src/Si468x.c:977:6:Si468x_dab_get_event_status	8	static
../Core/Src/Si468x.c:990:6:Si468x_dab_get_component_info	40	static
../Core/Src/Si468x.c:1039:6:Si468x_dab_get_digital_service_data	32	static
../Core/Src/Si468x.c:1244:6:Si468x_dab_test_get_ber_info	48	static
../Core/Src/Si468x.c:1260:6:Si468x_dab_get_time	8	static
../Core/Src/Si468x.c:1298:6:Si468x_set_audio_volume	16	static
../Core/Src/Si468x.c:1308:6:play_station	56	static
../Core/Src/Si468x.c:1329:6:restore_from_eeprom	32	static
../Core/Src/Si468x.c:1510:21:get_digrad_status	24	static
../Core/Src/Si468x.c:1515:16:get_dab_service_list	4	static
../Core/Src/Si468x.c:1520:17:get_dab_ensemble_list	4	static
../Core/Src/Si468x.c:1525:18:get_dab_management	16	static
../Core/Src/Si468x.c:1530:7:get_dls_label	4	static
