../Core/Src/Si468x.c:52:6:Si468x_dab_init	8	static
../Core/Src/Si468x.c:80:6:Si468x_reset	8	static
../Core/Src/Si468x.c:89:6:Si468x_disable	8	static
../Core/Src/Si468x.c:94:6:Si468x_power_up	8	static
../Core/Src/Si468x.c:120:6:Si468x_load_init	8	static
../Core/Src/Si468x.c:131:6:Si468x_bootloader_load_host	16	static
../Core/Src/Si468x.c:158:6:Si468x_firmware_load_flash	16	static
../Core/Src/Si468x.c:194:6:Si468x_boot	8	static
../Core/Src/Si468x.c:213:6:Si468x_write_single_byte	16	static
../Core/Src/Si468x.c:218:9:Si468x_read_single_byte	16	static
../Core/Src/Si468x.c:225:13:Si468x_wait_for_CTS	24	static
../Core/Src/Si468x.c:245:6:Si468x_write_multiple	24	static
../Core/Src/Si468x.c:256:6:Si468x_read_multiple	32	static
../Core/Src/Si468x.c:270:13:Si468x_write_command	24	static
../Core/Src/Si468x.c:284:13:Si468x_read_reply	16	static
../Core/Src/Si468x.c:293:9:get_rx_buffer	16	static
../Core/Src/Si468x.c:298:6:Si468x_get_sys_state	8	static
../Core/Src/Si468x.c:348:6:Si468x_get_part_info	16	static
../Core/Src/Si468x.c:367:6:Si468x_set_property	24	static
../Core/Src/Si468x.c:395:10:Si468x_get_property	16	static
../Core/Src/Si468x.c:415:6:Si468x_dab_get_freq_list	16	static
../Core/Src/Si468x.c:468:6:Si468x_dab_tune_freq	24	static
../Core/Src/Si468x.c:510:6:Si468x_dab_reset_interrupts	8	static
../Core/Src/Si468x.c:528:21:Si468x_dab_digrad_status	24	static
../Core/Src/Si468x.c:553:6:Si468x_dab_get_digital_service_list	48	static
../Core/Src/Si468x.c:659:6:Si468x_dab_start_digital_service	16	static
../Core/Src/Si468x.c:691:9:Si468x_dab_get_ensemble_info	24	static
../Core/Src/Si468x.c:742:9:Si468x_dab_full_scan	120	static
../Core/Src/Si468x.c:945:18:Si468x_dab_get_audio_info	24	static
../Core/Src/Si468x.c:978:6:Si468x_dab_get_event_status	8	static
../Core/Src/Si468x.c:991:6:Si468x_dab_get_component_info	40	static
../Core/Src/Si468x.c:1041:6:Si468x_dab_test_get_ber_info	48	static
../Core/Src/Si468x.c:1057:6:Si468x_dab_get_time	8	static
../Core/Src/Si468x.c:1095:6:Si468x_set_audio_volume	16	static
../Core/Src/Si468x.c:1105:6:play_station	56	static
../Core/Src/Si468x.c:1124:6:restore_from_eeprom	32	static
../Core/Src/Si468x.c:1305:21:get_digrad_status	24	static
../Core/Src/Si468x.c:1310:16:get_dab_service_list	4	static
../Core/Src/Si468x.c:1315:17:get_dab_ensemble_list	4	static
../Core/Src/Si468x.c:1320:18:get_dab_management	16	static
