../Core/Src/Si468x.c:52:6:Si468x_init	8	static
../Core/Src/Si468x.c:98:6:Si468x_reset	8	static
../Core/Src/Si468x.c:107:6:Si468x_disable	8	static
../Core/Src/Si468x.c:112:6:Si468x_power_up	8	static
../Core/Src/Si468x.c:138:6:Si468x_load_init	8	static
../Core/Src/Si468x.c:149:6:Si468x_bootloader_load_host	16	static
../Core/Src/Si468x.c:176:6:Si468x_firmware_load_flash	16	static
../Core/Src/Si468x.c:212:6:Si468x_boot	8	static
../Core/Src/Si468x.c:231:6:Si468x_write_single_byte	16	static
../Core/Src/Si468x.c:236:9:Si468x_read_single_byte	16	static
../Core/Src/Si468x.c:243:13:Si468x_wait_for_CTS	24	static
../Core/Src/Si468x.c:269:6:Si468x_write_multiple	24	static
../Core/Src/Si468x.c:280:6:Si468x_read_multiple	32	static
../Core/Src/Si468x.c:294:13:Si468x_write_command	24	static
../Core/Src/Si468x.c:308:13:Si468x_read_reply	16	static
../Core/Src/Si468x.c:314:9:get_rx_buffer	16	static
../Core/Src/Si468x.c:319:6:Si468x_get_sys_state	8	static
../Core/Src/Si468x.c:369:6:Si468x_get_part_info	16	static
../Core/Src/Si468x.c:388:6:Si468x_set_property	24	static
../Core/Src/Si468x.c:417:10:Si468x_get_property	16	static
../Core/Src/Si468x.c:437:6:Si468x_dab_get_freq_list	16	static
../Core/Src/Si468x.c:477:6:Si468x_dab_tune_freq	24	static
../Core/Src/Si468x.c:519:6:Si468x_dab_reset_interrupts	8	static
../Core/Src/Si468x.c:537:6:Si468x_dab_digrad_status	8	static
../Core/Src/Si468x.c:582:6:Si468x_dab_get_digital_service_list	24	static
../Core/Src/Si468x.c:713:6:Si468x_dab_start_digital_service	16	static
../Core/Src/Si468x.c:745:9:Si468x_dab_get_ensemble_info	24	static
../Core/Src/Si468x.c:805:6:Si468x_dab_full_scan	16	static
../Core/Src/Si468x.c:973:6:Si468x_dab_get_audio_info	16	static
../Core/Src/Si468x.c:1019:6:Si468x_dab_get_event_status	8	static
../Core/Src/Si468x.c:1054:6:Si468x_dab_get_component_info	40	static
../Core/Src/Si468x.c:1107:6:Si468x_dab_test_get_ber_info	8	static
../Core/Src/Si468x.c:1123:6:Si468x_dab_get_time	16	static
../Core/Src/Si468x.c:1158:6:Si468x_play_next_station	8	static
