../Core/Src/Si468x.c:41:6:Si468x_init	8	static
../Core/Src/Si468x.c:87:6:Si468x_reset	8	static
../Core/Src/Si468x.c:96:6:Si468x_disable	8	static
../Core/Src/Si468x.c:101:6:Si468x_power_up	8	static
../Core/Src/Si468x.c:127:6:Si468x_load_init	8	static
../Core/Src/Si468x.c:138:6:Si468x_bootloader_load_host	16	static
../Core/Src/Si468x.c:165:6:Si468x_firmware_load_flash	16	static
../Core/Src/Si468x.c:201:6:Si468x_boot	8	static
../Core/Src/Si468x.c:220:6:Si468x_write_single_byte	16	static
../Core/Src/Si468x.c:225:9:Si468x_read_single_byte	16	static
../Core/Src/Si468x.c:232:13:Si468x_wait_for_CTS	24	static
../Core/Src/Si468x.c:258:6:Si468x_write_multiple	24	static
../Core/Src/Si468x.c:269:6:Si468x_read_multiple	32	static
../Core/Src/Si468x.c:283:13:Si468x_write_command	24	static
../Core/Src/Si468x.c:297:13:Si468x_read_reply	16	static
../Core/Src/Si468x.c:303:9:get_rx_buffer	16	static
../Core/Src/Si468x.c:308:6:Si468x_get_sys_state	8	static
../Core/Src/Si468x.c:358:6:Si468x_get_part_info	16	static
../Core/Src/Si468x.c:377:6:Si468x_set_property	24	static
../Core/Src/Si468x.c:406:10:Si468x_get_property	16	static
../Core/Src/Si468x.c:426:6:Si468x_dab_get_freq_list	16	static
../Core/Src/Si468x.c:466:6:Si468x_dab_tune_freq	24	static
../Core/Src/Si468x.c:506:6:Si468x_dab_reset_interrupts	8	static
../Core/Src/Si468x.c:524:6:Si468x_dab_digrad_status	40	static
../Core/Src/Si468x.c:571:6:Si468x_dab_get_digital_service_list	32	static
../Core/Src/Si468x.c:678:6:Si468x_dab_start_digital_service	16	static
