../Core/Src/Si468x.c:51:6:Si468x_dab_init	8	static
../Core/Src/Si468x.c:78:6:Si468x_reset	8	static
../Core/Src/Si468x.c:87:6:Si468x_disable	8	static
../Core/Src/Si468x.c:92:6:Si468x_power_up	8	static
../Core/Src/Si468x.c:118:6:Si468x_load_init	8	static
../Core/Src/Si468x.c:129:6:Si468x_bootloader_load_host	16	static
../Core/Src/Si468x.c:156:6:Si468x_firmware_load_flash	16	static
../Core/Src/Si468x.c:192:6:Si468x_boot	8	static
../Core/Src/Si468x.c:211:6:Si468x_write_single_byte	16	static
../Core/Src/Si468x.c:216:9:Si468x_read_single_byte	16	static
../Core/Src/Si468x.c:223:13:Si468x_wait_for_CTS	24	static
../Core/Src/Si468x.c:243:6:Si468x_write_multiple	24	static
../Core/Src/Si468x.c:254:6:Si468x_read_multiple	32	static
../Core/Src/Si468x.c:268:13:Si468x_write_command	24	static
../Core/Src/Si468x.c:282:13:Si468x_read_reply	16	static
../Core/Src/Si468x.c:291:9:get_rx_buffer	16	static
../Core/Src/Si468x.c:296:6:Si468x_get_sys_state	8	static
../Core/Src/Si468x.c:346:6:Si468x_get_part_info	16	static
../Core/Src/Si468x.c:365:6:Si468x_set_property	24	static
../Core/Src/Si468x.c:393:10:Si468x_get_property	16	static
../Core/Src/Si468x.c:413:6:Si468x_dab_get_freq_list	16	static
../Core/Src/Si468x.c:466:6:Si468x_dab_tune_freq	24	static
../Core/Src/Si468x.c:508:6:Si468x_dab_reset_interrupts	8	static
../Core/Src/Si468x.c:526:21:Si468x_dab_digrad_status	24	static
../Core/Src/Si468x.c:551:6:Si468x_dab_get_digital_service_list	48	static
../Core/Src/Si468x.c:657:6:Si468x_dab_start_digital_service	16	static
../Core/Src/Si468x.c:689:9:Si468x_dab_get_ensemble_info	24	static
../Core/Src/Si468x.c:740:9:Si468x_dab_full_scan	120	static
../Core/Src/Si468x.c:940:6:Si468x_dab_get_audio_info	16	static
../Core/Src/Si468x.c:986:6:Si468x_dab_get_event_status	8	static
../Core/Src/Si468x.c:999:6:Si468x_dab_get_component_info	40	static
../Core/Src/Si468x.c:1049:6:Si468x_dab_test_get_ber_info	48	static
../Core/Src/Si468x.c:1065:6:Si468x_dab_get_time	8	static
../Core/Src/Si468x.c:1102:6:play_station	56	static
../Core/Src/Si468x.c:1147:6:restore_from_eeprom	32	static
../Core/Src/Si468x.c:1324:21:get_digrad_status	24	static
../Core/Src/Si468x.c:1329:16:get_dab_service_list	4	static
../Core/Src/Si468x.c:1334:17:get_dab_ensemble_list	4	static
../Core/Src/Si468x.c:1339:18:get_dab_management	16	static
