../Core/Src/Si468x.c:43:6:Si468x_init	8	static
../Core/Src/Si468x.c:91:6:Si468x_reset	8	static
../Core/Src/Si468x.c:100:6:Si468x_disable	8	static
../Core/Src/Si468x.c:105:6:Si468x_power_up	8	static
../Core/Src/Si468x.c:131:6:Si468x_load_init	8	static
../Core/Src/Si468x.c:142:6:Si468x_bootloader_load_host	16	static
../Core/Src/Si468x.c:169:6:Si468x_firmware_load_flash	16	static
../Core/Src/Si468x.c:205:6:Si468x_boot	8	static
../Core/Src/Si468x.c:224:6:Si468x_write_single_byte	16	static
../Core/Src/Si468x.c:229:9:Si468x_read_single_byte	16	static
../Core/Src/Si468x.c:236:13:Si468x_wait_for_CTS	24	static
../Core/Src/Si468x.c:262:6:Si468x_write_multiple	24	static
../Core/Src/Si468x.c:273:6:Si468x_read_multiple	32	static
../Core/Src/Si468x.c:287:13:Si468x_write_command	24	static
../Core/Src/Si468x.c:301:13:Si468x_read_reply	16	static
../Core/Src/Si468x.c:307:9:get_rx_buffer	16	static
../Core/Src/Si468x.c:312:6:Si468x_get_sys_state	8	static
../Core/Src/Si468x.c:362:6:Si468x_get_part_info	16	static
../Core/Src/Si468x.c:381:6:Si468x_set_property	24	static
../Core/Src/Si468x.c:410:10:Si468x_get_property	16	static
../Core/Src/Si468x.c:430:6:Si468x_dab_get_freq_list	16	static
../Core/Src/Si468x.c:470:6:Si468x_dab_tune_freq	24	static
../Core/Src/Si468x.c:510:6:Si468x_dab_reset_interrupts	8	static
../Core/Src/Si468x.c:528:6:Si468x_dab_digrad_status	40	static
../Core/Src/Si468x.c:575:6:Si468x_dab_get_digital_service_list	40	static
../Core/Src/Si468x.c:694:6:Si468x_dab_start_digital_service	16	static
../Core/Src/Si468x.c:727:6:Si468x_dab_get_ensemble_info	32	static
