../Core/Src/Si468x.c:53:6:Si468x_init	8	static
../Core/Src/Si468x.c:104:6:Si468x_reset	8	static
../Core/Src/Si468x.c:113:6:Si468x_disable	8	static
../Core/Src/Si468x.c:118:6:Si468x_power_up	8	static
../Core/Src/Si468x.c:144:6:Si468x_load_init	8	static
../Core/Src/Si468x.c:155:6:Si468x_bootloader_load_host	16	static
../Core/Src/Si468x.c:182:6:Si468x_firmware_load_flash	16	static
../Core/Src/Si468x.c:218:6:Si468x_boot	8	static
../Core/Src/Si468x.c:237:6:Si468x_write_single_byte	16	static
../Core/Src/Si468x.c:242:9:Si468x_read_single_byte	16	static
../Core/Src/Si468x.c:249:13:Si468x_wait_for_CTS	24	static
../Core/Src/Si468x.c:269:6:Si468x_write_multiple	24	static
../Core/Src/Si468x.c:280:6:Si468x_read_multiple	32	static
../Core/Src/Si468x.c:294:13:Si468x_write_command	24	static
../Core/Src/Si468x.c:308:13:Si468x_read_reply	16	static
../Core/Src/Si468x.c:317:9:get_rx_buffer	16	static
../Core/Src/Si468x.c:322:6:Si468x_get_sys_state	8	static
../Core/Src/Si468x.c:372:6:Si468x_get_part_info	16	static
../Core/Src/Si468x.c:391:6:Si468x_set_property	24	static
../Core/Src/Si468x.c:419:10:Si468x_get_property	16	static
../Core/Src/Si468x.c:439:6:Si468x_dab_get_freq_list	16	static
../Core/Src/Si468x.c:479:6:Si468x_dab_tune_freq	24	static
../Core/Src/Si468x.c:521:6:Si468x_dab_reset_interrupts	8	static
../Core/Src/Si468x.c:539:6:Si468x_dab_digrad_status	48	static
../Core/Src/Si468x.c:552:6:Si468x_dab_get_digital_service_list	24	static
../Core/Src/Si468x.c:642:6:Si468x_dab_start_digital_service	16	static
../Core/Src/Si468x.c:674:9:Si468x_dab_get_ensemble_info	24	static
../Core/Src/Si468x.c:725:6:Si468x_dab_full_scan	16	static
../Core/Src/Si468x.c:892:6:Si468x_dab_get_audio_info	56	static
../Core/Src/Si468x.c:938:6:Si468x_dab_get_event_status	8	static
../Core/Src/Si468x.c:975:6:Si468x_dab_get_component_info	40	static
../Core/Src/Si468x.c:1028:6:Si468x_dab_test_get_ber_info	48	static
../Core/Src/Si468x.c:1044:6:Si468x_dab_get_time	16	static
../Core/Src/Si468x.c:1086:6:Si468x_play_next_station	8	static
