../Core/Src/Si468x.c:58:6:Si468x_dab_init	8	static
../Core/Src/Si468x.c:86:6:Si468x_reset	8	static
../Core/Src/Si468x.c:95:6:Si468x_disable	8	static
../Core/Src/Si468x.c:100:6:Si468x_power_up	8	static
../Core/Src/Si468x.c:126:6:Si468x_load_init	8	static
../Core/Src/Si468x.c:137:6:Si468x_bootloader_load_host	16	static
../Core/Src/Si468x.c:164:6:Si468x_firmware_load_flash	16	static
../Core/Src/Si468x.c:200:6:Si468x_boot	8	static
../Core/Src/Si468x.c:219:6:Si468x_write_single_byte	16	static
../Core/Src/Si468x.c:224:9:Si468x_read_single_byte	16	static
../Core/Src/Si468x.c:231:13:Si468x_wait_for_CTS	24	static
../Core/Src/Si468x.c:251:6:Si468x_write_multiple	24	static
../Core/Src/Si468x.c:262:6:Si468x_read_multiple	32	static
../Core/Src/Si468x.c:276:13:Si468x_write_command	24	static
../Core/Src/Si468x.c:290:13:Si468x_read_reply	16	static
../Core/Src/Si468x.c:299:6:Si468x_get_sys_state	8	static
../Core/Src/Si468x.c:349:6:Si468x_get_part_info	16	static
../Core/Src/Si468x.c:368:6:Si468x_set_property	24	static
../Core/Src/Si468x.c:396:10:Si468x_get_property	16	static
../Core/Src/Si468x.c:416:6:Si468x_dab_get_freq_list	16	static
../Core/Src/Si468x.c:469:6:Si468x_dab_tune_freq	24	static
../Core/Src/Si468x.c:528:6:Si468x_dab_reset_interrupts	8	static
../Core/Src/Si468x.c:546:21:Si468x_dab_digrad_status	24	static
../Core/Src/Si468x.c:571:6:Si468x_dab_get_digital_service_list	48	static
../Core/Src/Si468x.c:677:6:Si468x_dab_start_digital_service	16	static
../Core/Src/Si468x.c:709:9:Si468x_dab_get_ensemble_info	24	static
../Core/Src/Si468x.c:760:9:Si468x_dab_full_scan	120	static
../Core/Src/Si468x.c:963:18:Si468x_dab_get_audio_info	24	static
../Core/Src/Si468x.c:996:6:Si468x_dab_get_event_status	8	static
../Core/Src/Si468x.c:1009:6:Si468x_dab_get_component_info	40	static
../Core/Src/Si468x.c:1058:6:Si468x_dab_get_digital_service_data	40	static
../Core/Src/Si468x.c:1285:6:Si468x_dab_test_get_ber_info	48	static
../Core/Src/Si468x.c:1301:6:Si468x_dab_get_time	8	static
../Core/Src/Si468x.c:1339:6:Si468x_set_audio_volume	16	static
../Core/Src/Si468x.c:1349:10:Si468x_test_get_rssi	8	static
../Core/Src/Si468x.c:1368:6:play_station	56	static
../Core/Src/Si468x.c:1389:6:restore_from_eeprom	88	static
../Core/Src/Si468x.c:1588:21:get_digrad_status	24	static
../Core/Src/Si468x.c:1593:16:get_dab_service_list	4	static
../Core/Src/Si468x.c:1598:17:get_dab_ensemble_list	4	static
../Core/Src/Si468x.c:1603:18:get_dab_management	16	static
../Core/Src/Si468x.c:1608:7:get_dls_label	4	static
../Core/Src/Si468x.c:1613:6:calibration	32	static
