../Core/Src/Si468x.c:42:6:Si468x_init	16	static
../Core/Src/Si468x.c:84:6:Si468x_reset	8	static
../Core/Src/Si468x.c:93:6:Si468x_disable	8	static
../Core/Src/Si468x.c:98:6:Si468x_power_up	8	static
../Core/Src/Si468x.c:124:6:Si468x_load_init	8	static
../Core/Src/Si468x.c:135:6:Si468x_bootloader_load_host	16	static
../Core/Src/Si468x.c:162:6:Si468x_firmware_load_flash	16	static
../Core/Src/Si468x.c:198:6:Si468x_boot	8	static
../Core/Src/Si468x.c:217:6:Si468x_write_single_byte	16	static
../Core/Src/Si468x.c:222:9:Si468x_read_single_byte	16	static
../Core/Src/Si468x.c:229:13:Si468x_wait_for_CTS	24	static
../Core/Src/Si468x.c:255:6:Si468x_write_multiple	24	static
../Core/Src/Si468x.c:266:6:Si468x_read_multiple	32	static
../Core/Src/Si468x.c:280:13:Si468x_write_command	24	static
../Core/Src/Si468x.c:294:13:Si468x_read_reply	16	static
../Core/Src/Si468x.c:300:9:get_rx_buffer	16	static
../Core/Src/Si468x.c:305:6:Si468x_get_sys_state	8	static
../Core/Src/Si468x.c:355:6:Si468x_get_part_info	16	static
../Core/Src/Si468x.c:374:6:Si468x_set_property	24	static
../Core/Src/Si468x.c:403:10:Si468x_get_property	16	static
../Core/Src/Si468x.c:423:6:Si468x_dab_get_freq_list	16	static
../Core/Src/Si468x.c:463:6:Si468x_dab_tune_freq	24	static
../Core/Src/Si468x.c:505:6:Si468x_dab_reset_interrupts	8	static
../Core/Src/Si468x.c:523:6:Si468x_dab_digrad_status	8	static
../Core/Src/Si468x.c:568:6:Si468x_dab_get_digital_service_list	24	static
../Core/Src/Si468x.c:716:6:Si468x_dab_start_digital_service	16	static
../Core/Src/Si468x.c:749:9:Si468x_dab_get_ensemble_info	24	static
../Core/Src/Si468x.c:809:6:Si468x_dab_full_scan	16	static
