../Core/Src/Si468x.c:35:6:Si468x_init	8	static
../Core/Src/Si468x.c:69:6:Si468x_reset	8	static
../Core/Src/Si468x.c:78:6:Si468x_disable	8	static
../Core/Src/Si468x.c:83:6:Si468x_power_up	8	static
../Core/Src/Si468x.c:109:6:Si468x_load_init	8	static
../Core/Src/Si468x.c:120:6:Si468x_bootloader_load_host	16	static
../Core/Src/Si468x.c:147:6:Si468x_firmware_load_flash	16	static
../Core/Src/Si468x.c:183:6:Si468x_boot	8	static
../Core/Src/Si468x.c:202:6:Si468x_write_single_byte	16	static
../Core/Src/Si468x.c:207:9:Si468x_read_single_byte	16	static
../Core/Src/Si468x.c:214:13:Si468x_wait_for_CTS	24	static
../Core/Src/Si468x.c:240:6:Si468x_write_multiple	24	static
../Core/Src/Si468x.c:251:6:Si468x_read_multiple	32	static
../Core/Src/Si468x.c:265:13:Si468x_write_command	24	static
../Core/Src/Si468x.c:279:13:Si468x_read_reply	16	static
../Core/Src/Si468x.c:285:9:get_rx_buffer	16	static
../Core/Src/Si468x.c:290:6:Si468x_get_sys_state	8	static
../Core/Src/Si468x.c:340:6:Si468x_get_part_info	16	static
../Core/Src/Si468x.c:359:6:Si468x_set_property	24	static
../Core/Src/Si468x.c:388:10:Si468x_get_property	16	static
../Core/Src/Si468x.c:408:6:Si468x_dab_get_freq_list	16	static
../Core/Src/Si468x.c:448:6:Si468x_dab_tune_freq	24	static
../Core/Src/Si468x.c:488:6:Si468x_dab_reset_interrupts	8	static
../Core/Src/Si468x.c:506:6:Si468x_dab_digrad_status	24	static
../Core/Src/Si468x.c:550:6:Si468x_dab_get_digital_service_list	4	static
../Core/Src/Si468x.c:556:6:Si468x_dab_start_digital_service	16	static
