../Core/Src/Si468x.c:40:6:Si468x_init	8	static
../Core/Src/Si468x.c:93:6:Si468x_reset	8	static
../Core/Src/Si468x.c:102:6:Si468x_disable	8	static
../Core/Src/Si468x.c:107:6:Si468x_power_up	8	static
../Core/Src/Si468x.c:133:6:Si468x_load_init	8	static
../Core/Src/Si468x.c:144:6:Si468x_bootloader_load_host	16	static
../Core/Src/Si468x.c:171:6:Si468x_firmware_load_flash	16	static
../Core/Src/Si468x.c:207:6:Si468x_boot	8	static
../Core/Src/Si468x.c:226:6:Si468x_write_single_byte	16	static
../Core/Src/Si468x.c:231:9:Si468x_read_single_byte	16	static
../Core/Src/Si468x.c:238:13:Si468x_wait_for_CTS	24	static
../Core/Src/Si468x.c:264:6:Si468x_write_multiple	24	static
../Core/Src/Si468x.c:275:6:Si468x_read_multiple	32	static
../Core/Src/Si468x.c:289:13:Si468x_write_command	24	static
../Core/Src/Si468x.c:303:13:Si468x_read_reply	16	static
../Core/Src/Si468x.c:309:9:get_rx_buffer	16	static
../Core/Src/Si468x.c:314:6:Si468x_get_sys_state	8	static
../Core/Src/Si468x.c:364:6:Si468x_get_part_info	16	static
../Core/Src/Si468x.c:383:6:Si468x_set_property	24	static
../Core/Src/Si468x.c:412:10:Si468x_get_property	16	static
../Core/Src/Si468x.c:432:6:Si468x_dab_get_freq_list	16	static
../Core/Src/Si468x.c:472:6:Si468x_dab_tune_freq	24	static
../Core/Src/Si468x.c:514:6:Si468x_dab_reset_interrupts	8	static
../Core/Src/Si468x.c:532:6:Si468x_dab_digrad_status	8	static
../Core/Src/Si468x.c:577:6:Si468x_dab_get_digital_service_list	32	static
../Core/Src/Si468x.c:702:6:Si468x_dab_start_digital_service	16	static
../Core/Src/Si468x.c:735:6:Si468x_dab_get_ensemble_info	24	static
