../Core/Src/Si468x.c:55:6:Si468x_init	8	static
../Core/Src/Si468x.c:107:6:Si468x_reset	8	static
../Core/Src/Si468x.c:116:6:Si468x_disable	8	static
../Core/Src/Si468x.c:121:6:Si468x_power_up	8	static
../Core/Src/Si468x.c:147:6:Si468x_load_init	8	static
../Core/Src/Si468x.c:158:6:Si468x_bootloader_load_host	16	static
../Core/Src/Si468x.c:185:6:Si468x_firmware_load_flash	16	static
../Core/Src/Si468x.c:221:6:Si468x_boot	8	static
../Core/Src/Si468x.c:240:6:Si468x_write_single_byte	16	static
../Core/Src/Si468x.c:245:9:Si468x_read_single_byte	16	static
../Core/Src/Si468x.c:252:13:Si468x_wait_for_CTS	24	static
../Core/Src/Si468x.c:272:6:Si468x_write_multiple	24	static
../Core/Src/Si468x.c:283:6:Si468x_read_multiple	32	static
../Core/Src/Si468x.c:297:13:Si468x_write_command	24	static
../Core/Src/Si468x.c:311:13:Si468x_read_reply	16	static
../Core/Src/Si468x.c:320:9:get_rx_buffer	16	static
../Core/Src/Si468x.c:325:6:Si468x_get_sys_state	8	static
../Core/Src/Si468x.c:375:6:Si468x_get_part_info	16	static
../Core/Src/Si468x.c:394:6:Si468x_set_property	24	static
../Core/Src/Si468x.c:422:10:Si468x_get_property	16	static
../Core/Src/Si468x.c:442:6:Si468x_dab_get_freq_list	16	static
../Core/Src/Si468x.c:482:6:Si468x_dab_tune_freq	24	static
../Core/Src/Si468x.c:524:6:Si468x_dab_reset_interrupts	8	static
../Core/Src/Si468x.c:542:6:Si468x_dab_digrad_status	48	static
../Core/Src/Si468x.c:563:6:Si468x_dab_get_digital_service_list	24	static
../Core/Src/Si468x.c:653:6:Si468x_dab_start_digital_service	16	static
../Core/Src/Si468x.c:685:9:Si468x_dab_get_ensemble_info	24	static
../Core/Src/Si468x.c:736:6:Si468x_dab_full_scan	16	static
../Core/Src/Si468x.c:903:6:Si468x_dab_get_audio_info	56	static
../Core/Src/Si468x.c:949:6:Si468x_dab_get_event_status	8	static
../Core/Src/Si468x.c:962:6:Si468x_dab_get_component_info	40	static
../Core/Src/Si468x.c:1012:6:Si468x_dab_test_get_ber_info	48	static
../Core/Src/Si468x.c:1028:6:Si468x_dab_get_time	8	static
../Core/Src/Si468x.c:1066:6:Si468x_play_next_station	8	static
