../Core/Src/stm32f4xx_it.c:77:6:NMI_Handler	4	static
../Core/Src/stm32f4xx_it.c:92:6:HardFault_Handler	4	static
../Core/Src/stm32f4xx_it.c:107:6:MemManage_Handler	4	static
../Core/Src/stm32f4xx_it.c:122:6:BusFault_Handler	4	static
../Core/Src/stm32f4xx_it.c:137:6:UsageFault_Handler	4	static
../Core/Src/stm32f4xx_it.c:152:6:SVC_Handler	4	static
../Core/Src/stm32f4xx_it.c:165:6:DebugMon_Handler	4	static
../Core/Src/stm32f4xx_it.c:178:6:PendSV_Handler	4	static
../Core/Src/stm32f4xx_it.c:191:6:SysTick_Handler	8	static
../Core/Src/stm32f4xx_it.c:214:6:DMA1_Stream4_IRQHandler	8	static
../Core/Src/stm32f4xx_it.c:228:6:TIM1_UP_TIM10_IRQHandler	8	static
../Core/Src/stm32f4xx_it.c:242:6:TIM1_TRG_COM_TIM11_IRQHandler	8	static
../Core/Src/stm32f4xx_it.c:256:6:SPI2_IRQHandler	8	static
../Core/Src/stm32f4xx_it.c:270:6:I2C3_EV_IRQHandler	8	static
../Core/Src/stm32f4xx_it.c:284:6:I2C3_ER_IRQHandler	8	static
../Core/Src/stm32f4xx_it.c:297:6:HAL_TIM_PeriodElapsedCallback	16	static
